 APSA_sfun

 Timestamp is 564b0c88 (Tue Nov 17 12:16:24 2015)

 Preferred load address is 0000000180000000

 Start         Length     Name                   Class
 0001:00000000 0006a824H .text                   CODE
 0001:0006a830 00000092H .text$x                 CODE
 0002:00000000 00000478H .idata$5                DATA
 0002:00000478 00000008H .CRT$XCA                DATA
 0002:00000480 00000008H .CRT$XCZ                DATA
 0002:00000488 00000008H .CRT$XIA                DATA
 0002:00000490 00000008H .CRT$XIAA               DATA
 0002:00000498 00000008H .CRT$XIZ                DATA
 0002:000004a0 000007d4H .rdata                  DATA
 0002:00000c78 00000008H .rtc$IAA                DATA
 0002:00000c80 00000008H .rtc$IZZ                DATA
 0002:00000c88 00000008H .rtc$TAA                DATA
 0002:00000c90 00000008H .rtc$TZZ                DATA
 0002:00000c98 00001228H .xdata                  DATA
 0002:00001ec0 00000078H .idata$2                DATA
 0002:00001f38 00000014H .idata$3                DATA
 0002:00001f50 00000478H .idata$4                DATA
 0002:000023c8 00000cccH .idata$6                DATA
 0002:000030a0 0000004fH .edata                  DATA
 0003:00000000 000087f8H .data                   DATA
 0003:00008800 00000898H .bss                    DATA
 0004:00000000 00001758H .pdata                  DATA

  Address         Publics by Value              Rva+Base               Lib:Object

 0000:00000000       ___safe_se_handler_count   0000000000000000     <absolute>
 0000:00000000       ___safe_se_handler_table   0000000000000000     <absolute>
 0000:00000000       __ImageBase                0000000180000000     <linker-defined>
 0001:00000000       APSA_initializer           0000000180001000 f   APSA_sfun.obj
 0001:00000010       APSA_terminator            0000000180001010 f   APSA_sfun.obj
 0001:00000020       sf_APSA_method_dispatcher  0000000180001020 f   APSA_sfun.obj
 0001:00000160       sf_APSA_uses_exported_functions 0000000180001160 f   APSA_sfun.obj
 0001:000001a0       sf_APSA_process_check_sum_call 00000001800011a0 f   APSA_sfun.obj
 0001:00000660       sf_APSA_autoinheritance_info 0000000180001660 f   APSA_sfun.obj
 0001:00000a00       sf_APSA_get_eml_resolved_functions_info 0000000180001a00 f   APSA_sfun.obj
 0001:00000d00       sf_APSA_third_party_uses_info 0000000180001d00 f   APSA_sfun.obj
 0001:00000fc0       sf_APSA_jit_fallback_info  0000000180001fc0 f   APSA_sfun.obj
 0001:00001280       sf_APSA_updateBuildInfo_args_info 0000000180002280 f   APSA_sfun.obj
 0001:00001540       sf_APSA_get_post_codegen_info 0000000180002540 f   APSA_sfun.obj
 0001:00001790       APSA_debug_initialize      0000000180002790 f   APSA_sfun.obj
 0001:00001810       APSA_register_exported_symbols 0000000180002810 f   APSA_sfun.obj
 0001:00001820       load_APSA_optimization_info 0000000180002820 f   APSA_sfun.obj
 0001:00001870       unload_APSA_optimization_info 0000000180002870 f   APSA_sfun.obj
 0001:000018a0       sf_c1_APSA_get_eml_resolved_functions_info 00000001800028a0 f   c1_APSA.obj
 0001:00001920       sf_c1_APSA_get_check_sum   0000000180002920 f   c1_APSA.obj
 0001:000019a0       sf_c1_APSA_get_autoinheritance_info 00000001800029a0 f   c1_APSA.obj
 0001:00004310       sf_c1_APSA_third_party_uses_info 0000000180005310 f   c1_APSA.obj
 0001:00004340       sf_c1_APSA_jit_fallback_info 0000000180005340 f   c1_APSA.obj
 0001:00004410       sf_c1_APSA_updateBuildInfo_args_info 0000000180005410 f   c1_APSA.obj
 0001:00004440       sf_c1_APSA_get_post_codegen_info 0000000180005440 f   c1_APSA.obj
 0001:00004510       c1_APSA_method_dispatcher  0000000180005510 f   c1_APSA.obj
 0001:00033c10       sf_c2_APSA_get_eml_resolved_functions_info 0000000180034c10 f   c2_APSA.obj
 0001:00033c90       sf_c2_APSA_get_check_sum   0000000180034c90 f   c2_APSA.obj
 0001:00033d10       sf_c2_APSA_get_autoinheritance_info 0000000180034d10 f   c2_APSA.obj
 0001:00034920       sf_c2_APSA_third_party_uses_info 0000000180035920 f   c2_APSA.obj
 0001:00034950       sf_c2_APSA_jit_fallback_info 0000000180035950 f   c2_APSA.obj
 0001:00034a20       sf_c2_APSA_updateBuildInfo_args_info 0000000180035a20 f   c2_APSA.obj
 0001:00034a50       sf_c2_APSA_get_post_codegen_info 0000000180035a50 f   c2_APSA.obj
 0001:00034b20       c2_APSA_method_dispatcher  0000000180035b20 f   c2_APSA.obj
 0001:0003c2c0       sf_c4_APSA_get_eml_resolved_functions_info 000000018003d2c0 f   c4_APSA.obj
 0001:0003c340       sf_c4_APSA_get_check_sum   000000018003d340 f   c4_APSA.obj
 0001:0003c3c0       sf_c4_APSA_get_autoinheritance_info 000000018003d3c0 f   c4_APSA.obj
 0001:0003cbf0       sf_c4_APSA_third_party_uses_info 000000018003dbf0 f   c4_APSA.obj
 0001:0003cc20       sf_c4_APSA_jit_fallback_info 000000018003dc20 f   c4_APSA.obj
 0001:0003ccf0       sf_c4_APSA_updateBuildInfo_args_info 000000018003dcf0 f   c4_APSA.obj
 0001:0003cd20       sf_c4_APSA_get_post_codegen_info 000000018003dd20 f   c4_APSA.obj
 0001:0003cdf0       c4_APSA_method_dispatcher  000000018003ddf0 f   c4_APSA.obj
 0001:00042630       sf_c5_APSA_get_eml_resolved_functions_info 0000000180043630 f   c5_APSA.obj
 0001:000426b0       sf_c5_APSA_get_check_sum   00000001800436b0 f   c5_APSA.obj
 0001:00042730       sf_c5_APSA_get_autoinheritance_info 0000000180043730 f   c5_APSA.obj
 0001:00042ce0       sf_c5_APSA_third_party_uses_info 0000000180043ce0 f   c5_APSA.obj
 0001:00042d10       sf_c5_APSA_jit_fallback_info 0000000180043d10 f   c5_APSA.obj
 0001:00042de0       sf_c5_APSA_updateBuildInfo_args_info 0000000180043de0 f   c5_APSA.obj
 0001:00042e10       sf_c5_APSA_get_post_codegen_info 0000000180043e10 f   c5_APSA.obj
 0001:00042ee0       c5_APSA_method_dispatcher  0000000180043ee0 f   c5_APSA.obj
 0001:00049610       sf_c6_APSA_get_eml_resolved_functions_info 000000018004a610 f   c6_APSA.obj
 0001:00049690       sf_c6_APSA_get_check_sum   000000018004a690 f   c6_APSA.obj
 0001:00049710       sf_c6_APSA_get_autoinheritance_info 000000018004a710 f   c6_APSA.obj
 0001:00049cc0       sf_c6_APSA_third_party_uses_info 000000018004acc0 f   c6_APSA.obj
 0001:00049cf0       sf_c6_APSA_jit_fallback_info 000000018004acf0 f   c6_APSA.obj
 0001:00049dc0       sf_c6_APSA_updateBuildInfo_args_info 000000018004adc0 f   c6_APSA.obj
 0001:00049df0       sf_c6_APSA_get_post_codegen_info 000000018004adf0 f   c6_APSA.obj
 0001:00049ec0       c6_APSA_method_dispatcher  000000018004aec0 f   c6_APSA.obj
 0001:000505f0       sf_c7_APSA_get_eml_resolved_functions_info 00000001800515f0 f   c7_APSA.obj
 0001:00050670       sf_c7_APSA_get_check_sum   0000000180051670 f   c7_APSA.obj
 0001:000506f0       sf_c7_APSA_get_autoinheritance_info 00000001800516f0 f   c7_APSA.obj
 0001:00050ca0       sf_c7_APSA_third_party_uses_info 0000000180051ca0 f   c7_APSA.obj
 0001:00050cd0       sf_c7_APSA_jit_fallback_info 0000000180051cd0 f   c7_APSA.obj
 0001:00050da0       sf_c7_APSA_updateBuildInfo_args_info 0000000180051da0 f   c7_APSA.obj
 0001:00050dd0       sf_c7_APSA_get_post_codegen_info 0000000180051dd0 f   c7_APSA.obj
 0001:00050ea0       c7_APSA_method_dispatcher  0000000180051ea0 f   c7_APSA.obj
 0001:000573d0       sf_c8_APSA_get_eml_resolved_functions_info 00000001800583d0 f   c8_APSA.obj
 0001:00057450       sf_c8_APSA_get_check_sum   0000000180058450 f   c8_APSA.obj
 0001:000574d0       sf_c8_APSA_get_autoinheritance_info 00000001800584d0 f   c8_APSA.obj
 0001:00057a80       sf_c8_APSA_third_party_uses_info 0000000180058a80 f   c8_APSA.obj
 0001:00057ab0       sf_c8_APSA_jit_fallback_info 0000000180058ab0 f   c8_APSA.obj
 0001:00057b80       sf_c8_APSA_updateBuildInfo_args_info 0000000180058b80 f   c8_APSA.obj
 0001:00057bb0       sf_c8_APSA_get_post_codegen_info 0000000180058bb0 f   c8_APSA.obj
 0001:00057c80       c8_APSA_method_dispatcher  0000000180058c80 f   c8_APSA.obj
 0001:0005e1e0       sf_c9_APSA_get_eml_resolved_functions_info 000000018005f1e0 f   c9_APSA.obj
 0001:0005e260       sf_c9_APSA_get_check_sum   000000018005f260 f   c9_APSA.obj
 0001:0005e2e0       sf_c9_APSA_get_autoinheritance_info 000000018005f2e0 f   c9_APSA.obj
 0001:0005e890       sf_c9_APSA_third_party_uses_info 000000018005f890 f   c9_APSA.obj
 0001:0005e8c0       sf_c9_APSA_jit_fallback_info 000000018005f8c0 f   c9_APSA.obj
 0001:0005e990       sf_c9_APSA_updateBuildInfo_args_info 000000018005f990 f   c9_APSA.obj
 0001:0005e9c0       sf_c9_APSA_get_post_codegen_info 000000018005f9c0 f   c9_APSA.obj
 0001:0005ea90       c9_APSA_method_dispatcher  000000018005fa90 f   c9_APSA.obj
 0001:00063200       sf_process_check_sum_call  0000000180064200 f   APSA_sfun_registry.obj
 0001:00063250       sf_process_machine_uses_exported_functions_call 0000000180064250 f   APSA_sfun_registry.obj
 0001:000633a0       sf_process_autoinheritance_call 00000001800643a0 f   APSA_sfun_registry.obj
 0001:00063540       sf_process_get_third_party_uses_info_call 0000000180064540 f   APSA_sfun_registry.obj
 0001:000636e0       sf_process_get_jit_fallback_info_call 00000001800646e0 f   APSA_sfun_registry.obj
 0001:00063880       sf_process_get_updateBuildInfo_args_info_call 0000000180064880 f   APSA_sfun_registry.obj
 0001:00063a20       sf_process_get_eml_resolved_functions_info_call 0000000180064a20 f   APSA_sfun_registry.obj
 0001:00063ba0       sf_process_get_post_codegen_info 0000000180064ba0 f   APSA_sfun_registry.obj
 0001:00063cf0       sf_mex_unlock_call         0000000180064cf0 f   APSA_sfun_registry.obj
 0001:00063da0       sf_machine_global_initializer_called 0000000180064da0 f   APSA_sfun_registry.obj
 0001:00063dd0       sf_machine_global_method_dispatcher 0000000180064dd0 f   APSA_sfun_registry.obj
 0001:00063e30       sf_machine_global_terminator 0000000180064e30 f   APSA_sfun_registry.obj
 0001:00063e80       sf_register_machine_exported_symbols 0000000180064e80 f   APSA_sfun_registry.obj
 0001:00063ea0       callCustomFcn              0000000180064ea0 f   APSA_sfun_registry.obj
 0001:00063eb0       sf_machine_global_initializer 0000000180064eb0 f   APSA_sfun_registry.obj
 0001:00063f30       mdlGetSimState             0000000180064f30 f   APSA_sfun_registry.obj
 0001:00063fb0       mdlSetSimState             0000000180064fb0 f   APSA_sfun_registry.obj
 0001:00063ff0       _ssSetStateAbsTol          0000000180064ff0 f   APSA_sfun_registry.obj
 0001:000640d0       _ssGetAbsTol               00000001800650d0 f   APSA_sfun_registry.obj
 0001:00064140       _ssSetInputPortMatrixDimensions 0000000180065140 f   APSA_sfun_registry.obj
 0001:00064250       _ssSetOutputPortMatrixDimensions 0000000180065250 f   APSA_sfun_registry.obj
 0001:00064360       _ssSetInputPortVectorDimension 0000000180065360 f   APSA_sfun_registry.obj
 0001:00064430       _ssSetOutputPortVectorDimension 0000000180065430 f   APSA_sfun_registry.obj
 0001:00064500       ssIsRunTimeParamTunable    0000000180065500 f   APSA_sfun_registry.obj
 0001:00064570       ssGetSFuncBlockHandle      0000000180065570 f   APSA_sfun_registry.obj
 0001:000645e0       _ssGetCurrentInputPortWidth 00000001800655e0 f   APSA_sfun_registry.obj
 0001:00064700       _ssGetCurrentOutputPortWidth 0000000180065700 f   APSA_sfun_registry.obj
 0001:00064820       _ssGetCallSystemNumFcnCallDestinations 0000000180065820 f   APSA_sfun_registry.obj
 0001:00064890       ssWarning                  0000000180065890 f   APSA_sfun_registry.obj
 0001:000649a0       ssGetIsZeroCrossControlDisabled 00000001800659a0 f   APSA_sfun_registry.obj
 0001:00064a10       ssSetIsInputPortUsedForContZcSignal 0000000180065a10 f   APSA_sfun_registry.obj
 0001:00064a80       ssSetZcSignalIsZcElementDisc 0000000180065a80 f   APSA_sfun_registry.obj
 0001:00064b30       ssSetZcSignalName          0000000180065b30 f   APSA_sfun_registry.obj
 0001:00064ba0       ssSetZcSignalWidth         0000000180065ba0 f   APSA_sfun_registry.obj
 0001:00064c10       ssSetZcSignalZcEventType   0000000180065c10 f   APSA_sfun_registry.obj
 0001:00064c80       ssSetZcSignalType          0000000180065c80 f   APSA_sfun_registry.obj
 0001:00064cf0       ssSetZcSignalZcTol         0000000180065cf0 f   APSA_sfun_registry.obj
 0001:00064d60       ssSetZcSignalNeedsEventNotification 0000000180065d60 f   APSA_sfun_registry.obj
 0001:00064dd0       ssCreateAndAddZcSignalInfo 0000000180065dd0 f   APSA_sfun_registry.obj
 0001:00064e40       ssCloneAndAddZcSignalInfo  0000000180065e40 f   APSA_sfun_registry.obj
 0001:00064eb0       ssGetNumZcSignals          0000000180065eb0 f   APSA_sfun_registry.obj
 0001:00064f20       ssGetZcSignalVector        0000000180065f20 f   APSA_sfun_registry.obj
 0001:00064f90       ssGetZcSignalZcEvents      0000000180065f90 f   APSA_sfun_registry.obj
 0001:00065000       ssGetZcSignalName          0000000180066000 f   APSA_sfun_registry.obj
 0001:00065070       ssGetZcSignalWidth         0000000180066070 f   APSA_sfun_registry.obj
 0001:000650e0       ssGetZcSignalZcEventType   00000001800660e0 f   APSA_sfun_registry.obj
 0001:00065150       ssGetZcSignalType          0000000180066150 f   APSA_sfun_registry.obj
 0001:000651c0       ssGetZcSignalZcTol         00000001800661c0 f   APSA_sfun_registry.obj
 0001:00065240       ssGetZcSignalNeedsEventNotification 0000000180066240 f   APSA_sfun_registry.obj
 0001:000652b0       ssGetZcSignalIsZcElementDisc 00000001800662b0 f   APSA_sfun_registry.obj
 0001:00065350       ssGetIsInputPortElementContinuous 0000000180066350 f   APSA_sfun_registry.obj
 0001:000653f0       _ssGetInputPortSignalPtrsFcn 00000001800663f0 f   APSA_sfun_registry.obj
 0001:000656b0       _ssGetInputPortSignalFcn   00000001800666b0 f   APSA_sfun_registry.obj
 0001:000658d0       _ssSetInputPortDirectFeedThroughFcn 00000001800668d0 f   APSA_sfun_registry.obj
 0001:00065a30       _ssSetInputPortReusableFcn 0000000180066a30 f   APSA_sfun_registry.obj
 0001:00065b20       _ssSetOutputPortReusableFcn 0000000180066b20 f   APSA_sfun_registry.obj
 0001:00065c00       ssGetDTypeIdFromMxArray    0000000180066c00 f   APSA_sfun_registry.obj
 0001:00065d20       ssWriteRTWStr              0000000180066d20 f   APSA_sfun_registry.obj
 0001:00065d80       ssWriteRTWMxVectParam      0000000180066d80 f   APSA_sfun_registry.obj
 0001:00065de0       ssWriteRTWMx2dMatParam     0000000180066de0 f   APSA_sfun_registry.obj
 0001:00065e60       ssWriteRTWNameValuePair    0000000180066e60 f   APSA_sfun_registry.obj
 0001:00066350       ssWriteRTWParameters       0000000180067350 f   APSA_sfun_registry.obj
 0001:00066950       ssWriteRTWParamSettings    0000000180067950 f   APSA_sfun_registry.obj
 0001:00067020       ssWriteRTWWorkVect         0000000180068020 f   APSA_sfun_registry.obj
 0001:00067520       mexFunction                0000000180068520 f   APSA_sfun_registry.obj
 0001:00069a40       ProcessMexSfunctionEveryCall 000000018006aa40 f   APSA_sfun_registry.obj
 0001:00069bc2       sf_debug_set_machine_data_thresholds 000000018006abc2 f   sf_runtime:sf_runtime.dll
 0001:00069bc8       sf_debug_set_machine_event_thresholds 000000018006abc8 f   sf_runtime:sf_runtime.dll
 0001:00069bce       sf_debug_initialize_machine 000000018006abce f   sf_runtime:sf_runtime.dll
 0001:00069bd4       sf_load_rtw_optimization_info 000000018006abd4 f   sf_runtime:sf_runtime.dll
 0001:00069bda       sf_mex_assign              000000018006abda f   sf_runtime:sf_runtime.dll
 0001:00069be0       sf_mex_create              000000018006abe0 f   sf_runtime:sf_runtime.dll
 0001:00069be6       sf_mex_error_message       000000018006abe6 f   sf_runtime:sf_runtime.dll
 0001:00069bec       sf_set_rtw_dwork_info      000000018006abec f   sf_runtime:sf_runtime.dll
 0001:00069bf2       sf_mark_chart_reusable_outputs 000000018006abf2 f   sf_runtime:sf_runtime.dll
 0001:00069bf8       sf_mark_chart_expressionable_inputs 000000018006abf8 f   sf_runtime:sf_runtime.dll
 0001:00069bfe       sf_update_buildInfo        000000018006abfe f   sf_runtime:sf_runtime.dll
 0001:00069c04       sf_rtw_info_uint_prop      000000018006ac04 f   sf_runtime:sf_runtime.dll
 0001:00069c0a       sf_is_chart_inlinable      000000018006ac0a f   sf_runtime:sf_runtime.dll
 0001:00069c10       sim_mode_is_external       000000018006ac10 f   sf_runtime:sf_runtime.dll
 0001:00069c16       sim_mode_is_rtw_gen        000000018006ac16 f   sf_runtime:sf_runtime.dll
 0001:00069c1c       ssGetOutputPortSignal_wrapper 000000018006ac1c f   sf_runtime:sf_runtime.dll
 0001:00069c22       ssGetInputPortSignal_wrapper 000000018006ac22 f   sf_runtime:sf_runtime.dll
 0001:00069c28       sf_mex_decode_encoded_mx_struct_array 000000018006ac28 f   sf_runtime:sf_runtime.dll
 0001:00069c2e       sf_debug_reset_current_state_configuration 000000018006ac2e f   sf_runtime:sf_runtime.dll
 0001:00069c34       sf_debug_set_instance_data_value_ptr 000000018006ac34 f   sf_runtime:sf_runtime.dll
 0001:00069c3a       sf_debug_set_chart_data_compiled_props 000000018006ac3a f   sf_runtime:sf_runtime.dll
 0001:00069c40       sf_debug_cv_init_saturation 000000018006ac40 f   sf_runtime:sf_runtime.dll
 0001:00069c46       sf_debug_cv_init_relationalop 000000018006ac46 f   sf_runtime:sf_runtime.dll
 0001:00069c4c       sf_debug_cv_init_trans     000000018006ac4c f   sf_runtime:sf_runtime.dll
 0001:00069c52       sf_debug_cv_init_state     000000018006ac52 f   sf_runtime:sf_runtime.dll
 0001:00069c58       sf_debug_cv_init_chart     000000018006ac58 f   sf_runtime:sf_runtime.dll
 0001:00069c5e       sf_debug_set_chart_state_substate_index 000000018006ac5e f   sf_runtime:sf_runtime.dll
 0001:00069c64       sf_debug_set_chart_state_substate_count 000000018006ac64 f   sf_runtime:sf_runtime.dll
 0001:00069c6a       sf_debug_set_chart_substate_index 000000018006ac6a f   sf_runtime:sf_runtime.dll
 0001:00069c70       sf_debug_set_chart_decomposition 000000018006ac70 f   sf_runtime:sf_runtime.dll
 0001:00069c76       sf_debug_set_chart_substate_count 000000018006ac76 f   sf_runtime:sf_runtime.dll
 0001:00069c7c       sf_debug_set_chart_state_info 000000018006ac7c f   sf_runtime:sf_runtime.dll
 0001:00069c82       sf_debug_set_chart_data_props 000000018006ac82 f   sf_runtime:sf_runtime.dll
 0001:00069c88       sf_debug_set_chart_event_thresholds 000000018006ac88 f   sf_runtime:sf_runtime.dll
 0001:00069c8e       sf_debug_set_chart_disable_implicit_casting 000000018006ac8e f   sf_runtime:sf_runtime.dll
 0001:00069c94       sf_debug_initialize_chart  000000018006ac94 f   sf_runtime:sf_runtime.dll
 0001:00069c9a       sf_mex_destroy             000000018006ac9a f   sf_runtime:sf_runtime.dll
 0001:00069ca0       sf_mex_dup                 000000018006aca0 f   sf_runtime:sf_runtime.dll
 0001:00069ca6       sf_mex_import              000000018006aca6 f   sf_runtime:sf_runtime.dll
 0001:00069cac       sf_get_output_port_reusable 000000018006acac f   sf_runtime:sf_runtime.dll
 0001:00069cb2       sf_get_time                000000018006acb2 f   sf_runtime:sf_runtime.dll
 0001:00069cb8       sf_debug_check_for_state_inconsistency 000000018006acb8 f   sf_runtime:sf_runtime.dll
 0001:00069cbe       sf_debug_symbol_scope_pop  000000018006acbe f   sf_runtime:sf_runtime.dll
 0001:00069cc4       sf_debug_data_range_error_wrapper_max 000000018006acc4 f   sf_runtime:sf_runtime.dll
 0001:00069cca       sf_debug_data_range_wrapper 000000018006acca f   sf_runtime:sf_runtime.dll
 0001:00069cd0       sf_debug_call              000000018006acd0 f   sf_runtime:sf_runtime.dll
 0001:00069cd6       sf_debug_symbol_scope_push 000000018006acd6 f   sf_runtime:sf_runtime.dll
 0001:00069cdc       sf_debug_data_array_bounds_error_check 000000018006acdc f   sf_runtime:sf_runtime.dll
 0001:00069ce2       cv_eval_relational         000000018006ace2 f   sf_runtime:sf_runtime.dll
 0001:00069ce8       cv_eval_point              000000018006ace8 f   sf_runtime:sf_runtime.dll
 0001:00069cee       cv_eval_saturation         000000018006acee f   sf_runtime:sf_runtime.dll
 0001:00069cf4       sf_debug_overflow_detection 000000018006acf4 f   sf_runtime:sf_runtime.dll
 0001:00069cfa       sf_mex_setcell             000000018006acfa f   sf_runtime:sf_runtime.dll
 0001:00069d00       sf_mex_createcellmatrix    000000018006ad00 f   sf_runtime:sf_runtime.dll
 0001:00069d06       sf_mex_getcell             000000018006ad06 f   sf_runtime:sf_runtime.dll
 0001:00069d0c       sf_debug_animate           000000018006ad0c f   sf_runtime:sf_runtime.dll
 0001:00069d12       sf_debug_set_honor_breakpoints 000000018006ad12 f   sf_runtime:sf_runtime.dll
 0001:00069d18       sf_debug_set_animation     000000018006ad18 f   sf_runtime:sf_runtime.dll
 0001:00069d1e       sf_debug_get_animation     000000018006ad1e f   sf_runtime:sf_runtime.dll
 0001:00069d24       sf_mex_duplicatearraysafe  000000018006ad24 f   sf_runtime:sf_runtime.dll
 0001:00069d2a       sf_clear_rtw_identifier    000000018006ad2a f   sf_runtime:sf_runtime.dll
 0001:00069d30       sf_mex_listen_for_ctrl_c   000000018006ad30 f   sf_runtime:sf_runtime.dll
 0001:00069d36       sf_debug_terminate         000000018006ad36 f   sf_runtime:sf_runtime.dll
 0001:00069d3c       sf_debug_create_debug_instance_struct 000000018006ad3c f   sf_runtime:sf_runtime.dll
 0001:00069d42       sf_debug_api               000000018006ad42 f   sf_runtime:sf_runtime.dll
 0001:00069d48       callMdlMethodAndReportError 000000018006ad48 f   sf_runtime:sf_runtime.dll
 0001:00069d4e       call_sf_machine_global_method_dispatcher 000000018006ad4e f   sf_runtime:sf_runtime.dll
 0001:00069d54       sf_clear_error_manager_info 000000018006ad54 f   sf_runtime:sf_runtime.dll
 0001:00069d5a       sf_mex_error_direct_call   000000018006ad5a f   sf_runtime:sf_runtime.dll
 0001:00069d60       mxCreateLogicalScalar      000000018006ad60 f   libmx:libmx.dll
 0001:00069d66       mxGetScalar                000000018006ad66 f   libmx:libmx.dll
 0001:00069d6c       mxGetPr                    000000018006ad6c f   libmx:libmx.dll
 0001:00069d72       mxCreateDoubleMatrix_730   000000018006ad72 f   libmx:libmx.dll
 0001:00069d78       mxGetString_730            000000018006ad78 f   libmx:libmx.dll
 0001:00069d7e       mxIsChar                   000000018006ad7e f   libmx:libmx.dll
 0001:00069d84       mxDestroyArray             000000018006ad84 f   libmx:libmx.dll
 0001:00069d8a       mxDuplicateArray           000000018006ad8a f   libmx:libmx.dll
 0001:00069d90       mxCreateDoubleScalar       000000018006ad90 f   libmx:libmx.dll
 0001:00069d96       mxSetField_730             000000018006ad96 f   libmx:libmx.dll
 0001:00069d9c       mxCreateString             000000018006ad9c f   libmx:libmx.dll
 0001:00069da2       mxCreateStructMatrix_730   000000018006ada2 f   libmx:libmx.dll
 0001:00069da8       mxCreateCellMatrix_730     000000018006ada8 f   libmx:libmx.dll
 0001:00069dae       mxCreateCellArray_730      000000018006adae f   libmx:libmx.dll
 0001:00069db4       mxCreateStructArray_730    000000018006adb4 f   libmx:libmx.dll
 0001:00069dba       mxGetClassID               000000018006adba f   libmx:libmx.dll
 0001:00069dc0       mxIsNumeric                000000018006adc0 f   libmx:libmx.dll
 0001:00069dc6       mxIsComplex                000000018006adc6 f   libmx:libmx.dll
 0001:00069dcc       mxGetN                     000000018006adcc f   libmx:libmx.dll
 0001:00069dd2       mxGetM                     000000018006add2 f   libmx:libmx.dll
 0001:00069dd8       mxCalloc                   000000018006add8 f   libmx:libmx.dll
 0001:00069dde       mexMakeArrayPersistent     000000018006adde f   libmex:libmex.dll
 0001:00069de4       mexUnlock                  000000018006ade4 f   libmex:libmex.dll
 0001:00069dea       mexIsLocked                000000018006adea f   libmex:libmex.dll
 0001:00069df0       mexWarnMsgTxt              000000018006adf0 f   libmex:libmex.dll
 0001:00069df6       mexCallMATLABWithObject    000000018006adf6 f   libmex:libmex.dll
 0001:00069dfc       mexErrMsgTxt               000000018006adfc f   libmex:libmex.dll
 0001:00069e02       mexLock                    000000018006ae02 f   libmex:libmex.dll
 0001:00069e08       utMalloc                   000000018006ae08 f   libut:libut.dll
 0001:00069e0e       utFree                     000000018006ae0e f   libut:libut.dll
 0001:00069e14       __GSHandlerCheckCommon     000000018006ae14 f   MSVCRT:gshandler.obj
 0001:00069e78       __GSHandlerCheck           000000018006ae78 f   MSVCRT:gshandler.obj
 0001:00069e96       strcmp                     000000018006ae96 f   MSVCRT:MSVCR100.dll
 0001:00069eb0       __security_check_cookie    000000018006aeb0 f   MSVCRT:amdsecgs.obj
 0001:00069ed0       memset                     000000018006aed0 f   MSVCRT:MSVCR100.dll
 0001:00069ed6       free                       000000018006aed6 f   MSVCRT:MSVCR100.dll
 0001:00069edc       sprintf                    000000018006aedc f   MSVCRT:MSVCR100.dll
 0001:00069ee2       malloc                     000000018006aee2 f   MSVCRT:MSVCR100.dll
 0001:00069ee8       strlen                     000000018006aee8 f   MSVCRT:MSVCR100.dll
 0001:00069eee       strcat                     000000018006aeee f   MSVCRT:MSVCR100.dll
 0001:00069ef4       memcpy                     000000018006aef4 f   MSVCRT:MSVCR100.dll
 0001:00069efc       NtCurrentTeb               000000018006aefc f i MSVCRT:crtdll.obj
 0001:00069f68       _CRT_INIT                  000000018006af68 f   MSVCRT:crtdll.obj
 0001:0006a300       _DllMainCRTStartup         000000018006b300 f   MSVCRT:crtdll.obj
 0001:0006a340       __report_gsfailure         000000018006b340 f   MSVCRT:gs_report.obj
 0001:0006a48c       __clean_type_info_names    000000018006b48c f   MSVCRT:tncleanup.obj
 0001:0006a498       _onexit                    000000018006b498 f   MSVCRT:atonexit.obj
 0001:0006a548       atexit                     000000018006b548 f   MSVCRT:atonexit.obj
 0001:0006a560       _RTC_Initialize            000000018006b560 f   MSVCRT:_initsect_.obj
 0001:0006a598       _RTC_Terminate             000000018006b598 f   MSVCRT:_initsect_.obj
 0001:0006a5d0       _malloc_crt                000000018006b5d0 f   MSVCRT:MSVCR100.dll
 0001:0006a5e0       _ValidateImageBase         000000018006b5e0 f   MSVCRT:pesect.obj
 0001:0006a610       _FindPESection             000000018006b610 f   MSVCRT:pesect.obj
 0001:0006a660       _IsNonwritableInCurrentImage 000000018006b660 f   MSVCRT:pesect.obj
 0001:0006a6a2       _initterm                  000000018006b6a2 f   MSVCRT:MSVCR100.dll
 0001:0006a6a8       _initterm_e                000000018006b6a8 f   MSVCRT:MSVCR100.dll
 0001:0006a6ae       _encoded_null              000000018006b6ae f   MSVCRT:MSVCR100.dll
 0001:0006a6b4       _amsg_exit                 000000018006b6b4 f   MSVCRT:MSVCR100.dll
 0001:0006a6ba       __C_specific_handler       000000018006b6ba f   MSVCRT:MSVCR100.dll
 0001:0006a6c0       __CppXcptFilter            000000018006b6c0 f   MSVCRT:MSVCR100.dll
 0001:0006a6c8       DllMain                    000000018006b6c8 f   MSVCRT:dllmain.obj
 0001:0006a6ec       __security_init_cookie     000000018006b6ec f   MSVCRT:gs_support.obj
 0001:0006a7a0       __crt_debugger_hook        000000018006b7a0 f   MSVCRT:MSVCR100.dll
 0001:0006a7a6       __clean_type_info_names_internal 000000018006b7a6 f   MSVCRT:MSVCR100.dll
 0001:0006a7ac       _unlock                    000000018006b7ac f   MSVCRT:MSVCR100.dll
 0001:0006a7b2       __dllonexit                000000018006b7b2 f   MSVCRT:MSVCR100.dll
 0001:0006a7b8       _lock                      000000018006b7b8 f   MSVCRT:MSVCR100.dll
 0001:0006a7be       EncodePointer              000000018006b7be f   kernel32:KERNEL32.dll
 0001:0006a7c4       DecodePointer              000000018006b7c4 f   kernel32:KERNEL32.dll
 0001:0006a7ca       Sleep                      000000018006b7ca f   kernel32:KERNEL32.dll
 0001:0006a7d0       TerminateProcess           000000018006b7d0 f   kernel32:KERNEL32.dll
 0001:0006a7d6       GetCurrentProcess          000000018006b7d6 f   kernel32:KERNEL32.dll
 0001:0006a7dc       UnhandledExceptionFilter   000000018006b7dc f   kernel32:KERNEL32.dll
 0001:0006a7e2       SetUnhandledExceptionFilter 000000018006b7e2 f   kernel32:KERNEL32.dll
 0001:0006a7e8       IsDebuggerPresent          000000018006b7e8 f   kernel32:KERNEL32.dll
 0001:0006a7ee       RtlVirtualUnwind           000000018006b7ee f   kernel32:KERNEL32.dll
 0001:0006a7f4       RtlLookupFunctionEntry     000000018006b7f4 f   kernel32:KERNEL32.dll
 0001:0006a7fa       RtlCaptureContext          000000018006b7fa f   kernel32:KERNEL32.dll
 0001:0006a800       DisableThreadLibraryCalls  000000018006b800 f   kernel32:KERNEL32.dll
 0001:0006a806       QueryPerformanceCounter    000000018006b806 f   kernel32:KERNEL32.dll
 0001:0006a80c       GetTickCount               000000018006b80c f   kernel32:KERNEL32.dll
 0001:0006a812       GetCurrentThreadId         000000018006b812 f   kernel32:KERNEL32.dll
 0001:0006a818       GetCurrentProcessId        000000018006b818 f   kernel32:KERNEL32.dll
 0001:0006a81e       GetSystemTimeAsFileTime    000000018006b81e f   kernel32:KERNEL32.dll
 0002:00000000       __imp_GetSystemTimeAsFileTime 000000018006c000     kernel32:KERNEL32.dll
 0002:00000008       __imp_GetCurrentProcessId  000000018006c008     kernel32:KERNEL32.dll
 0002:00000010       __imp_GetCurrentThreadId   000000018006c010     kernel32:KERNEL32.dll
 0002:00000018       __imp_GetTickCount         000000018006c018     kernel32:KERNEL32.dll
 0002:00000020       __imp_QueryPerformanceCounter 000000018006c020     kernel32:KERNEL32.dll
 0002:00000028       __imp_DisableThreadLibraryCalls 000000018006c028     kernel32:KERNEL32.dll
 0002:00000030       __imp_RtlCaptureContext    000000018006c030     kernel32:KERNEL32.dll
 0002:00000038       __imp_RtlLookupFunctionEntry 000000018006c038     kernel32:KERNEL32.dll
 0002:00000040       __imp_RtlVirtualUnwind     000000018006c040     kernel32:KERNEL32.dll
 0002:00000048       __imp_IsDebuggerPresent    000000018006c048     kernel32:KERNEL32.dll
 0002:00000050       __imp_SetUnhandledExceptionFilter 000000018006c050     kernel32:KERNEL32.dll
 0002:00000058       __imp_UnhandledExceptionFilter 000000018006c058     kernel32:KERNEL32.dll
 0002:00000060       __imp_GetCurrentProcess    000000018006c060     kernel32:KERNEL32.dll
 0002:00000068       __imp_TerminateProcess     000000018006c068     kernel32:KERNEL32.dll
 0002:00000070       __imp_Sleep                000000018006c070     kernel32:KERNEL32.dll
 0002:00000078       __imp_DecodePointer        000000018006c078     kernel32:KERNEL32.dll
 0002:00000080       __imp_EncodePointer        000000018006c080     kernel32:KERNEL32.dll
 0002:00000088       \177KERNEL32_NULL_THUNK_DATA 000000018006c088     kernel32:KERNEL32.dll
 0002:00000090       __imp__onexit              000000018006c090     MSVCRT:MSVCR100.dll
 0002:00000098       __imp__lock                000000018006c098     MSVCRT:MSVCR100.dll
 0002:000000a0       __imp___dllonexit          000000018006c0a0     MSVCRT:MSVCR100.dll
 0002:000000a8       __imp__unlock              000000018006c0a8     MSVCRT:MSVCR100.dll
 0002:000000b0       __imp___clean_type_info_names_internal 000000018006c0b0     MSVCRT:MSVCR100.dll
 0002:000000b8       __imp___crt_debugger_hook  000000018006c0b8     MSVCRT:MSVCR100.dll
 0002:000000c0       __imp___CppXcptFilter      000000018006c0c0     MSVCRT:MSVCR100.dll
 0002:000000c8       __imp___C_specific_handler 000000018006c0c8     MSVCRT:MSVCR100.dll
 0002:000000d0       __imp__amsg_exit           000000018006c0d0     MSVCRT:MSVCR100.dll
 0002:000000d8       __imp__encoded_null        000000018006c0d8     MSVCRT:MSVCR100.dll
 0002:000000e0       __imp__initterm_e          000000018006c0e0     MSVCRT:MSVCR100.dll
 0002:000000e8       __imp__initterm            000000018006c0e8     MSVCRT:MSVCR100.dll
 0002:000000f0       __imp__malloc_crt          000000018006c0f0     MSVCRT:MSVCR100.dll
 0002:000000f8       __imp_memcpy               000000018006c0f8     MSVCRT:MSVCR100.dll
 0002:00000100       __imp_strcat               000000018006c100     MSVCRT:MSVCR100.dll
 0002:00000108       __imp_strlen               000000018006c108     MSVCRT:MSVCR100.dll
 0002:00000110       __imp_malloc               000000018006c110     MSVCRT:MSVCR100.dll
 0002:00000118       __imp_sprintf              000000018006c118     MSVCRT:MSVCR100.dll
 0002:00000120       __imp_free                 000000018006c120     MSVCRT:MSVCR100.dll
 0002:00000128       __imp_memset               000000018006c128     MSVCRT:MSVCR100.dll
 0002:00000130       __imp_strcmp               000000018006c130     MSVCRT:MSVCR100.dll
 0002:00000138       \177MSVCR100_NULL_THUNK_DATA 000000018006c138     MSVCRT:MSVCR100.dll
 0002:00000140       __imp_mexLock              000000018006c140     libmex:libmex.dll
 0002:00000148       __imp_mexErrMsgTxt         000000018006c148     libmex:libmex.dll
 0002:00000150       __imp_mexCallMATLABWithObject 000000018006c150     libmex:libmex.dll
 0002:00000158       __imp_mexWarnMsgTxt        000000018006c158     libmex:libmex.dll
 0002:00000160       __imp_mexIsLocked          000000018006c160     libmex:libmex.dll
 0002:00000168       __imp_mexUnlock            000000018006c168     libmex:libmex.dll
 0002:00000170       __imp_mexMakeArrayPersistent 000000018006c170     libmex:libmex.dll
 0002:00000178       \177libmex_NULL_THUNK_DATA 000000018006c178     libmex:libmex.dll
 0002:00000180       __imp_mxCalloc             000000018006c180     libmx:libmx.dll
 0002:00000188       __imp_mxGetM               000000018006c188     libmx:libmx.dll
 0002:00000190       __imp_mxGetN               000000018006c190     libmx:libmx.dll
 0002:00000198       __imp_mxIsComplex          000000018006c198     libmx:libmx.dll
 0002:000001a0       __imp_mxIsNumeric          000000018006c1a0     libmx:libmx.dll
 0002:000001a8       __imp_mxGetClassID         000000018006c1a8     libmx:libmx.dll
 0002:000001b0       __imp_mxCreateStructArray_730 000000018006c1b0     libmx:libmx.dll
 0002:000001b8       __imp_mxCreateCellArray_730 000000018006c1b8     libmx:libmx.dll
 0002:000001c0       __imp_mxCreateCellMatrix_730 000000018006c1c0     libmx:libmx.dll
 0002:000001c8       __imp_mxCreateStructMatrix_730 000000018006c1c8     libmx:libmx.dll
 0002:000001d0       __imp_mxCreateString       000000018006c1d0     libmx:libmx.dll
 0002:000001d8       __imp_mxSetField_730       000000018006c1d8     libmx:libmx.dll
 0002:000001e0       __imp_mxCreateDoubleScalar 000000018006c1e0     libmx:libmx.dll
 0002:000001e8       __imp_mxDuplicateArray     000000018006c1e8     libmx:libmx.dll
 0002:000001f0       __imp_mxDestroyArray       000000018006c1f0     libmx:libmx.dll
 0002:000001f8       __imp_mxIsChar             000000018006c1f8     libmx:libmx.dll
 0002:00000200       __imp_mxGetString_730      000000018006c200     libmx:libmx.dll
 0002:00000208       __imp_mxCreateDoubleMatrix_730 000000018006c208     libmx:libmx.dll
 0002:00000210       __imp_mxGetPr              000000018006c210     libmx:libmx.dll
 0002:00000218       __imp_mxGetScalar          000000018006c218     libmx:libmx.dll
 0002:00000220       __imp_mxCreateLogicalScalar 000000018006c220     libmx:libmx.dll
 0002:00000228       \177libmx_NULL_THUNK_DATA  000000018006c228     libmx:libmx.dll
 0002:00000230       __imp_utMalloc             000000018006c230     libut:libut.dll
 0002:00000238       __imp_utFree               000000018006c238     libut:libut.dll
 0002:00000240       \177libut_NULL_THUNK_DATA  000000018006c240     libut:libut.dll
 0002:00000248       __imp_call_sf_machine_global_method_dispatcher 000000018006c248     sf_runtime:sf_runtime.dll
 0002:00000250       __imp_callMdlMethodAndReportError 000000018006c250     sf_runtime:sf_runtime.dll
 0002:00000258       __imp_sf_debug_api         000000018006c258     sf_runtime:sf_runtime.dll
 0002:00000260       __imp_sf_debug_create_debug_instance_struct 000000018006c260     sf_runtime:sf_runtime.dll
 0002:00000268       __imp_sf_debug_terminate   000000018006c268     sf_runtime:sf_runtime.dll
 0002:00000270       __imp_sf_mex_listen_for_ctrl_c 000000018006c270     sf_runtime:sf_runtime.dll
 0002:00000278       __imp_sf_clear_rtw_identifier 000000018006c278     sf_runtime:sf_runtime.dll
 0002:00000280       __imp_sf_mex_duplicatearraysafe 000000018006c280     sf_runtime:sf_runtime.dll
 0002:00000288       __imp_sf_debug_get_animation 000000018006c288     sf_runtime:sf_runtime.dll
 0002:00000290       __imp_sf_debug_set_animation 000000018006c290     sf_runtime:sf_runtime.dll
 0002:00000298       __imp_sf_debug_set_honor_breakpoints 000000018006c298     sf_runtime:sf_runtime.dll
 0002:000002a0       __imp_sf_debug_animate     000000018006c2a0     sf_runtime:sf_runtime.dll
 0002:000002a8       __imp_sf_mex_getcell       000000018006c2a8     sf_runtime:sf_runtime.dll
 0002:000002b0       __imp_sf_clear_error_manager_info 000000018006c2b0     sf_runtime:sf_runtime.dll
 0002:000002b8       __imp_sf_mex_setcell       000000018006c2b8     sf_runtime:sf_runtime.dll
 0002:000002c0       __imp_sf_debug_overflow_detection 000000018006c2c0     sf_runtime:sf_runtime.dll
 0002:000002c8       __imp_cv_eval_saturation   000000018006c2c8     sf_runtime:sf_runtime.dll
 0002:000002d0       __imp_cv_eval_point        000000018006c2d0     sf_runtime:sf_runtime.dll
 0002:000002d8       __imp_cv_eval_relational   000000018006c2d8     sf_runtime:sf_runtime.dll
 0002:000002e0       __imp_sf_debug_data_array_bounds_error_check 000000018006c2e0     sf_runtime:sf_runtime.dll
 0002:000002e8       __imp_sf_debug_symbol_scope_push 000000018006c2e8     sf_runtime:sf_runtime.dll
 0002:000002f0       __imp_sf_debug_call        000000018006c2f0     sf_runtime:sf_runtime.dll
 0002:000002f8       __imp_sf_debug_data_range_wrapper 000000018006c2f8     sf_runtime:sf_runtime.dll
 0002:00000300       __imp_sf_debug_data_range_error_wrapper_max 000000018006c300     sf_runtime:sf_runtime.dll
 0002:00000308       __imp_sf_debug_symbol_scope_pop 000000018006c308     sf_runtime:sf_runtime.dll
 0002:00000310       __imp_sf_debug_check_for_state_inconsistency 000000018006c310     sf_runtime:sf_runtime.dll
 0002:00000318       __imp_sf_get_time          000000018006c318     sf_runtime:sf_runtime.dll
 0002:00000320       __imp_sf_mex_error_direct_call 000000018006c320     sf_runtime:sf_runtime.dll
 0002:00000328       __imp_sf_mex_createcellmatrix 000000018006c328     sf_runtime:sf_runtime.dll
 0002:00000330       __imp_sf_get_output_port_reusable 000000018006c330     sf_runtime:sf_runtime.dll
 0002:00000338       __imp_sf_mex_import        000000018006c338     sf_runtime:sf_runtime.dll
 0002:00000340       __imp_sf_mex_dup           000000018006c340     sf_runtime:sf_runtime.dll
 0002:00000348       __imp_sf_mex_destroy       000000018006c348     sf_runtime:sf_runtime.dll
 0002:00000350       __imp_sf_debug_initialize_chart 000000018006c350     sf_runtime:sf_runtime.dll
 0002:00000358       __imp_sf_debug_set_chart_disable_implicit_casting 000000018006c358     sf_runtime:sf_runtime.dll
 0002:00000360       __imp_sf_debug_set_chart_event_thresholds 000000018006c360     sf_runtime:sf_runtime.dll
 0002:00000368       __imp_sf_debug_set_chart_data_props 000000018006c368     sf_runtime:sf_runtime.dll
 0002:00000370       __imp_sf_debug_set_chart_state_info 000000018006c370     sf_runtime:sf_runtime.dll
 0002:00000378       __imp_sf_debug_set_chart_substate_count 000000018006c378     sf_runtime:sf_runtime.dll
 0002:00000380       __imp_sf_debug_set_chart_decomposition 000000018006c380     sf_runtime:sf_runtime.dll
 0002:00000388       __imp_sf_debug_set_chart_substate_index 000000018006c388     sf_runtime:sf_runtime.dll
 0002:00000390       __imp_sf_debug_set_chart_state_substate_count 000000018006c390     sf_runtime:sf_runtime.dll
 0002:00000398       __imp_sf_debug_set_chart_state_substate_index 000000018006c398     sf_runtime:sf_runtime.dll
 0002:000003a0       __imp_sf_debug_cv_init_chart 000000018006c3a0     sf_runtime:sf_runtime.dll
 0002:000003a8       __imp_sf_debug_cv_init_state 000000018006c3a8     sf_runtime:sf_runtime.dll
 0002:000003b0       __imp_sf_debug_cv_init_trans 000000018006c3b0     sf_runtime:sf_runtime.dll
 0002:000003b8       __imp_sf_debug_cv_init_relationalop 000000018006c3b8     sf_runtime:sf_runtime.dll
 0002:000003c0       __imp_sf_debug_cv_init_saturation 000000018006c3c0     sf_runtime:sf_runtime.dll
 0002:000003c8       __imp_sf_debug_set_chart_data_compiled_props 000000018006c3c8     sf_runtime:sf_runtime.dll
 0002:000003d0       __imp_sf_debug_set_instance_data_value_ptr 000000018006c3d0     sf_runtime:sf_runtime.dll
 0002:000003d8       __imp_sf_debug_reset_current_state_configuration 000000018006c3d8     sf_runtime:sf_runtime.dll
 0002:000003e0       __imp_sf_mex_decode_encoded_mx_struct_array 000000018006c3e0     sf_runtime:sf_runtime.dll
 0002:000003e8       __imp_ssGetInputPortSignal_wrapper 000000018006c3e8     sf_runtime:sf_runtime.dll
 0002:000003f0       __imp_ssGetOutputPortSignal_wrapper 000000018006c3f0     sf_runtime:sf_runtime.dll
 0002:000003f8       __imp_sim_mode_is_rtw_gen  000000018006c3f8     sf_runtime:sf_runtime.dll
 0002:00000400       __imp_sim_mode_is_external 000000018006c400     sf_runtime:sf_runtime.dll
 0002:00000408       __imp_sf_is_chart_inlinable 000000018006c408     sf_runtime:sf_runtime.dll
 0002:00000410       __imp_sf_rtw_info_uint_prop 000000018006c410     sf_runtime:sf_runtime.dll
 0002:00000418       __imp_sf_update_buildInfo  000000018006c418     sf_runtime:sf_runtime.dll
 0002:00000420       __imp_sf_mark_chart_expressionable_inputs 000000018006c420     sf_runtime:sf_runtime.dll
 0002:00000428       __imp_sf_mark_chart_reusable_outputs 000000018006c428     sf_runtime:sf_runtime.dll
 0002:00000430       __imp_sf_set_rtw_dwork_info 000000018006c430     sf_runtime:sf_runtime.dll
 0002:00000438       __imp_sf_mex_error_message 000000018006c438     sf_runtime:sf_runtime.dll
 0002:00000440       __imp_sf_mex_create        000000018006c440     sf_runtime:sf_runtime.dll
 0002:00000448       __imp_sf_mex_assign        000000018006c448     sf_runtime:sf_runtime.dll
 0002:00000450       __imp_sf_load_rtw_optimization_info 000000018006c450     sf_runtime:sf_runtime.dll
 0002:00000458       __imp_sf_debug_initialize_machine 000000018006c458     sf_runtime:sf_runtime.dll
 0002:00000460       __imp_sf_debug_set_machine_event_thresholds 000000018006c460     sf_runtime:sf_runtime.dll
 0002:00000468       __imp_sf_debug_set_machine_data_thresholds 000000018006c468     sf_runtime:sf_runtime.dll
 0002:00000470       \177sf_runtime_NULL_THUNK_DATA 000000018006c470     sf_runtime:sf_runtime.dll
 0002:00000478       __xc_a                     000000018006c478     MSVCRT:cinitexe.obj
 0002:00000480       __xc_z                     000000018006c480     MSVCRT:cinitexe.obj
 0002:00000488       __xi_a                     000000018006c488     MSVCRT:cinitexe.obj
 0002:00000498       __xi_z                     000000018006c498     MSVCRT:cinitexe.obj
 0002:000004a0       __real@41ecb850b6400000    000000018006c4a0     APSA_sfun.obj
 0002:000004a8       __real@41b7b13ef2000000    000000018006c4a8     APSA_sfun.obj
 0002:000004b0       __real@41d36d7c46000000    000000018006c4b0     APSA_sfun.obj
 0002:000004b8       __real@41dabfdcd2800000    000000018006c4b8     APSA_sfun.obj
 0002:000004c0       __real@41ec3e686da00000    000000018006c4c0     APSA_sfun.obj
 0002:000004c8       __real@41cc969ef0800000    000000018006c4c8     APSA_sfun.obj
 0002:000004d0       __real@41e29f6fc5600000    000000018006c4d0     APSA_sfun.obj
 0002:000004d8       __real@41d213b1cec00000    000000018006c4d8     APSA_sfun.obj
 0002:000004e0       __real@41d340b1c0800000    000000018006c4e0     APSA_sfun.obj
 0002:000004e8       __real@41e335b93bc00000    000000018006c4e8     APSA_sfun.obj
 0002:000004f0       __real@41e6875780e00000    000000018006c4f0     APSA_sfun.obj
 0002:000004f8       __real@41edf9c902000000    000000018006c4f8     APSA_sfun.obj
 0002:00000500       __real@41e4af60a3c00000    000000018006c500     APSA_sfun.obj
 0002:00000508       __real@41e6a2acbce00000    000000018006c508     APSA_sfun.obj
 0002:00000510       __real@41c71cd2ca800000    000000018006c510     APSA_sfun.obj
 0002:00000518       __real@41e474c16ca00000    000000018006c518     APSA_sfun.obj
 0002:00000520       __real@41caa8329f800000    000000018006c520     c1_APSA.obj
 0002:00000528       __real@41e5c9fa8ca00000    000000018006c528     c1_APSA.obj
 0002:00000530       __real@41ce8e013f800000    000000018006c530     c1_APSA.obj
 0002:00000538       __real@41cc640389800000    000000018006c538     c1_APSA.obj
 0002:00000540       __real@4018000000000000    000000018006c540     c1_APSA.obj
 0002:00000548       __real@4014000000000000    000000018006c548     c1_APSA.obj
 0002:00000550       __real@4024000000000000    000000018006c550     c1_APSA.obj
 0002:00000558       __real@3ff0000000000000    000000018006c558     c1_APSA.obj
 0002:00000560       __real@4059000000000000    000000018006c560     c1_APSA.obj
 0002:00000568       __real@4000000000000000    000000018006c568     c1_APSA.obj
 0002:00000570       __real@c1e0000000000000    000000018006c570     c1_APSA.obj
 0002:00000578       __real@41e0000000000000    000000018006c578     c1_APSA.obj
 0002:00000580       __real@4058c00000000000    000000018006c580     c1_APSA.obj
 0002:00000588       __real@c0e0000000000000    000000018006c588     c1_APSA.obj
 0002:00000590       __real@40e0000000000000    000000018006c590     c1_APSA.obj
 0002:00000598       __real@0000000000000000    000000018006c598     c1_APSA.obj
 0002:000005a0       __real@40f0000000000000    000000018006c5a0     c1_APSA.obj
 0002:000005a8       __real@4046800000000000    000000018006c5a8     c1_APSA.obj
 0002:000005b0       __real@4044000000000000    000000018006c5b0     c1_APSA.obj
 0002:000005b8       __real@404e000000000000    000000018006c5b8     c1_APSA.obj
 0002:000005c0       __mask@@NegDouble@         000000018006c5c0     c1_APSA.obj
 0002:000005d0       __real@41dc74d556c00000    000000018006c5d0     c2_APSA.obj
 0002:000005d8       __real@41d0af83eb400000    000000018006c5d8     c2_APSA.obj
 0002:000005e0       __real@41c7e008e9800000    000000018006c5e0     c2_APSA.obj
 0002:000005e8       __real@41d1031966000000    000000018006c5e8     c2_APSA.obj
 0002:000005f0       __real@41deadc596000000    000000018006c5f0     c4_APSA.obj
 0002:000005f8       __real@41e7757add000000    000000018006c5f8     c4_APSA.obj
 0002:00000600       __real@41c83d57f6000000    000000018006c600     c4_APSA.obj
 0002:00000608       __real@41d8992dd5400000    000000018006c608     c4_APSA.obj
 0002:00000610       __real@41d97ee1b4000000    000000018006c610     c5_APSA.obj
 0002:00000618       __real@41e5a8dffe600000    000000018006c618     c5_APSA.obj
 0002:00000620       __real@41e5bca355400000    000000018006c620     c5_APSA.obj
 0002:00000628       __real@41cf4edcdc800000    000000018006c628     c5_APSA.obj
 0002:00000630       __real@402e000000000000    000000018006c630     c5_APSA.obj
 0002:00000638       __real@41d53df34a000000    000000018006c638     c7_APSA.obj
 0002:00000640       __real@41d5b8b60a400000    000000018006c640     c7_APSA.obj
 0002:00000648       __real@41ec416c11400000    000000018006c648     c7_APSA.obj
 0002:00000650       __real@41babcf697000000    000000018006c650     c7_APSA.obj
 0002:00000658       __real@401c000000000000    000000018006c658     c7_APSA.obj
 0002:00000660       __real@41c480eeaa000000    000000018006c660     c8_APSA.obj
 0002:00000668       __real@41e4d99dbdc00000    000000018006c668     c8_APSA.obj
 0002:00000670       __real@41da3f0671400000    000000018006c670     c8_APSA.obj
 0002:00000678       __real@41de6d68e7400000    000000018006c678     c8_APSA.obj
 0002:00000680       __real@41ed9e3c1a000000    000000018006c680     c9_APSA.obj
 0002:00000688       __real@41b0fde5e4000000    000000018006c688     c9_APSA.obj
 0002:00000690       __real@41e089e777c00000    000000018006c690     c9_APSA.obj
 0002:00000698       __real@41d1ea26f4c00000    000000018006c698     c9_APSA.obj
 0002:000006a0       __real@4020000000000000    000000018006c6a0     c9_APSA.obj
 0002:000006b0       DYNAMIC_DIMENSION_DEF      000000018006c6b0     APSA_sfun_registry.obj
 0002:000006d0       _ssBadLevel2InputAccessMsg 000000018006c6d0     APSA_sfun_registry.obj
 0002:00000860       _ssBadLevel2DirectFeedMsg  000000018006c860     APSA_sfun_registry.obj
 0002:000009a0       _ssBadLevel2DirectFeedSolutionMsg 000000018006c9a0     APSA_sfun_registry.obj
 0002:00000a10       _ssBadLevel2ZeroDirectFeedMsg 000000018006ca10     APSA_sfun_registry.obj
 0002:00000b50       _ssBadLevel2ZeroDirectFeedMsg2 000000018006cb50     APSA_sfun_registry.obj
 0002:00000c38       __real@bff0000000000000    000000018006cc38     APSA_sfun_registry.obj
 0002:00000c40       __real@41602cbca0000000    000000018006cc40     APSA_sfun_registry.obj
 0002:00000c48       _pDefaultRawDllMain        000000018006cc48     MSVCRT:crtdll.obj
 0002:00000c48       _pRawDllMain               000000018006cc48     MSVCRT:crtdll.obj
 0002:00000c60       ?ProcessDetach@NativeDll@<CrtImplementationDetails>@@0IB 000000018006cc60     MSVCRT:tncleanup.obj
 0002:00000c64       ?ProcessAttach@NativeDll@<CrtImplementationDetails>@@0IB 000000018006cc64     MSVCRT:tncleanup.obj
 0002:00000c68       ?ThreadAttach@NativeDll@<CrtImplementationDetails>@@0IB 000000018006cc68     MSVCRT:tncleanup.obj
 0002:00000c6c       ?ThreadDetach@NativeDll@<CrtImplementationDetails>@@0IB 000000018006cc6c     MSVCRT:tncleanup.obj
 0002:00000c70       ?ProcessVerifier@NativeDll@<CrtImplementationDetails>@@0IB 000000018006cc70     MSVCRT:tncleanup.obj
 0002:00000c78       __rtc_iaa                  000000018006cc78     MSVCRT:_initsect_.obj
 0002:00000c80       __rtc_izz                  000000018006cc80     MSVCRT:_initsect_.obj
 0002:00000c88       __rtc_taa                  000000018006cc88     MSVCRT:_initsect_.obj
 0002:00000c90       __rtc_tzz                  000000018006cc90     MSVCRT:_initsect_.obj
 0002:00001ec0       __IMPORT_DESCRIPTOR_sf_runtime 000000018006dec0     sf_runtime:sf_runtime.dll
 0002:00001ed4       __IMPORT_DESCRIPTOR_libmx  000000018006ded4     libmx:libmx.dll
 0002:00001ee8       __IMPORT_DESCRIPTOR_libmex 000000018006dee8     libmex:libmex.dll
 0002:00001efc       __IMPORT_DESCRIPTOR_libut  000000018006defc     libut:libut.dll
 0002:00001f10       __IMPORT_DESCRIPTOR_MSVCR100 000000018006df10     MSVCRT:MSVCR100.dll
 0002:00001f24       __IMPORT_DESCRIPTOR_KERNEL32 000000018006df24     kernel32:KERNEL32.dll
 0002:00001f38       __NULL_IMPORT_DESCRIPTOR   000000018006df38     sf_runtime:sf_runtime.dll
 0003:00007bd0       DYNAMIC_DIMENSION          0000000180077bd0     APSA_sfun_registry.obj
 0003:000087d8       __security_cookie          00000001800787d8     MSVCRT:gs_cookie.obj
 0003:000087e0       __security_cookie_complement 00000001800787e0     MSVCRT:gs_cookie.obj
 0003:000087e8       _fltused                   00000001800787e8     MSVCRT:dllsupp.obj
 0003:000087f0       __native_dllmain_reason    00000001800787f0     MSVCRT:natstart.obj
 0003:000087f4       __native_vcclrit_reason    00000001800787f4     MSVCRT:natstart.obj
 0003:00008ad8       sfGlobalDebugInstanceStruct 0000000180078ad8     APSA_sfun_registry.obj
 0003:00009060       ?__type_info_root_node@@3U__type_info_node@@A 0000000180079060     MSVCRT:tncleanup.obj
 0003:00009070       _APSAMachineNumber_        0000000180079070     <common>
 0003:00009074       __native_startup_state     0000000180079074     <common>
 0003:00009078       __native_startup_lock      0000000180079078     <common>
 0003:00009080       __onexitend                0000000180079080     <common>
 0003:00009088       __onexitbegin              0000000180079088     <common>
 0003:00009090       __dyn_tls_init_callback    0000000180079090     <common>

 entry point at        0001:0006a300

 Static symbols

 0001:00004580       mdlProcessParameters_c1_APSA 0000000180005580 f   c1_APSA.obj
 0001:00004660       initialize_params_c1_APSA  0000000180005660 f   c1_APSA.obj
 0001:00004670       mdlSetWorkWidths_c1_APSA   0000000180005670 f   c1_APSA.obj
 0001:00004ed0       sf_get_instance_specialization 0000000180005ed0 f   c1_APSA.obj
 0001:00004ee0       mdlStart_c1_APSA           0000000180005ee0 f   c1_APSA.obj
 0001:00005160       init_dsm_address_info      0000000180006160 f   c1_APSA.obj
 0001:00005170       init_simulink_io_address   0000000180006170 f   c1_APSA.obj
 0001:00005530       sf_get_sim_state_info_c1_APSA 0000000180006530 f   c1_APSA.obj
 0001:00005610       chart_debug_initialization 0000000180006610 f   c1_APSA.obj
 0001:0000fdc0       init_script_number_translation 0000000180010dc0 f   c1_APSA.obj
 0001:0000fde0       c1_c_sf_marshallOut        0000000180010de0 f   c1_APSA.obj
 0001:0000ff60       c1_d_sf_marshallOut        0000000180010f60 f   c1_APSA.obj
 0001:00010010       c1_c_sf_marshallIn         0000000180011010 f   c1_APSA.obj
 0001:000100b0       c1_e_emlrt_marshallIn      00000001800110b0 f   c1_APSA.obj
 0001:00010140       c1_e_sf_marshallOut        0000000180011140 f   c1_APSA.obj
 0001:000102c0       c1_d_sf_marshallIn         00000001800112c0 f   c1_APSA.obj
 0001:000103c0       c1_g_emlrt_marshallIn      00000001800113c0 f   c1_APSA.obj
 0001:000104c0       c1_f_sf_marshallOut        00000001800114c0 f   c1_APSA.obj
 0001:00010640       c1_e_sf_marshallIn         0000000180011640 f   c1_APSA.obj
 0001:00010740       c1_i_emlrt_marshallIn      0000000180011740 f   c1_APSA.obj
 0001:00010840       c1_g_sf_marshallOut        0000000180011840 f   c1_APSA.obj
 0001:000108f0       c1_f_sf_marshallIn         00000001800118f0 f   c1_APSA.obj
 0001:00010990       c1_k_emlrt_marshallIn      0000000180011990 f   c1_APSA.obj
 0001:00010a20       c1_h_sf_marshallOut        0000000180011a20 f   c1_APSA.obj
 0001:00010ad0       c1_g_sf_marshallIn         0000000180011ad0 f   c1_APSA.obj
 0001:00010b70       c1_m_emlrt_marshallIn      0000000180011b70 f   c1_APSA.obj
 0001:00010c00       sf_opaque_initialize_c1_APSA 0000000180011c00 f   c1_APSA.obj
 0001:00010c40       initialize_c1_APSA         0000000180011c40 f   c1_APSA.obj
 0001:00011010       sf_opaque_enable_c1_APSA   0000000180012010 f   c1_APSA.obj
 0001:00011030       enable_c1_APSA             0000000180012030 f   c1_APSA.obj
 0001:00011060       sf_opaque_disable_c1_APSA  0000000180012060 f   c1_APSA.obj
 0001:00011080       disable_c1_APSA            0000000180012080 f   c1_APSA.obj
 0001:000110b0       sf_opaque_gateway_c1_APSA  00000001800120b0 f   c1_APSA.obj
 0001:000110d0       sf_gateway_c1_APSA         00000001800120d0 f   c1_APSA.obj
 0001:00011ff0       c1_set_sim_state_side_effects_c1_APSA 0000000180012ff0 f   c1_APSA.obj
 0001:00012200       c1_chartstep_c1_APSA       0000000180013200 f   c1_APSA.obj
 0001:00017770       c1_IDLE                    0000000180018770 f   c1_APSA.obj
 0001:00019f80       c1_ANTIPINCH_ACTIVE_FORWARD 000000018001af80 f   c1_APSA.obj
 0001:0001dd60       c1_exit_internal_ANTIPINCH_ACTIVE_FORWARD 000000018001ed60 f   c1_APSA.obj
 0001:0001e190       c1_CHECK_ANTIPINCH_FORWARD 000000018001f190 f   c1_APSA.obj
 0001:00024790       c1_ANTIPINCH_ACTIVE_BACKWARD 0000000180025790 f   c1_APSA.obj
 0001:00028630       c1_exit_internal_ANTIPINCH_ACTIVE_BACKWARD 0000000180029630 f   c1_APSA.obj
 0001:00028a60       c1_CHECK_ANTIPINCH_BACKWARD 0000000180029a60 f   c1_APSA.obj
 0001:0002f130       c1_Check_Min_Threshold     0000000180030130 f   c1_APSA.obj
 0001:00030360       c1_Calculate_Lenght_Segment 0000000180031360 f   c1_APSA.obj
 0001:00030e10       c1__s32d_mod__             0000000180031e10 f   c1_APSA.obj
 0001:00030e50       sf_opaque_get_sim_state_c1_APSA 0000000180031e50 f   c1_APSA.obj
 0001:00030ea0       get_sim_state_c1_APSA      0000000180031ea0 f   c1_APSA.obj
 0001:00032040       sf_opaque_set_sim_state_c1_APSA 0000000180033040 f   c1_APSA.obj
 0001:00032090       set_sim_state_c1_APSA      0000000180033090 f   c1_APSA.obj
 0001:00032890       c1_update_debugger_state_c1_APSA 0000000180033890 f   c1_APSA.obj
 0001:000336d0       c1_b_emlrt_marshallIn      00000001800346d0 f   c1_APSA.obj
 0001:00033730       c1_c_emlrt_marshallIn      0000000180034730 f   c1_APSA.obj
 0001:000337c0       c1_d_emlrt_marshallIn      00000001800347c0 f   c1_APSA.obj
 0001:00033830       c1_f_emlrt_marshallIn      0000000180034830 f   c1_APSA.obj
 0001:000338a0       c1_h_emlrt_marshallIn      00000001800348a0 f   c1_APSA.obj
 0001:00033910       c1_j_emlrt_marshallIn      0000000180034910 f   c1_APSA.obj
 0001:00033980       c1_l_emlrt_marshallIn      0000000180034980 f   c1_APSA.obj
 0001:000339f0       c1_n_emlrt_marshallIn      00000001800349f0 f   c1_APSA.obj
 0001:00033a70       c1_o_emlrt_marshallIn      0000000180034a70 f   c1_APSA.obj
 0001:00033ad0       sf_opaque_terminate_c1_APSA 0000000180034ad0 f   c1_APSA.obj
 0001:00033b70       finalize_c1_APSA           0000000180034b70 f   c1_APSA.obj
 0001:00033ba0       sf_opaque_init_subchart_simstructs 0000000180034ba0 f   c1_APSA.obj
 0001:00033bc0       initSimStructsc1_APSA      0000000180034bc0 f   c1_APSA.obj
 0001:00033bd0       mdlRTW_c1_APSA             0000000180034bd0 f   c1_APSA.obj
 0001:00034b90       mdlProcessParameters_c2_APSA 0000000180035b90 f   c2_APSA.obj
 0001:00034c70       initialize_params_c2_APSA  0000000180035c70 f   c2_APSA.obj
 0001:00034c80       mdlSetWorkWidths_c2_APSA   0000000180035c80 f   c2_APSA.obj
 0001:00035210       sf_get_instance_specialization 0000000180036210 f   c2_APSA.obj
 0001:00035220       mdlStart_c2_APSA           0000000180036220 f   c2_APSA.obj
 0001:000354a0       init_dsm_address_info      00000001800364a0 f   c2_APSA.obj
 0001:000354b0       init_simulink_io_address   00000001800364b0 f   c2_APSA.obj
 0001:000355c0       sf_get_sim_state_info_c2_APSA 00000001800365c0 f   c2_APSA.obj
 0001:00035690       chart_debug_initialization 0000000180036690 f   c2_APSA.obj
 0001:00037850       init_script_number_translation 0000000180038850 f   c2_APSA.obj
 0001:00037870       c2_b_sf_marshallOut        0000000180038870 f   c2_APSA.obj
 0001:00037920       c2_b_sf_marshallIn         0000000180038920 f   c2_APSA.obj
 0001:000379c0       c2_c_emlrt_marshallIn      00000001800389c0 f   c2_APSA.obj
 0001:00037a50       c2_c_sf_marshallOut        0000000180038a50 f   c2_APSA.obj
 0001:00037be0       c2_c_sf_marshallIn         0000000180038be0 f   c2_APSA.obj
 0001:00037cf0       c2_e_emlrt_marshallIn      0000000180038cf0 f   c2_APSA.obj
 0001:00037de0       c2_d_sf_marshallOut        0000000180038de0 f   c2_APSA.obj
 0001:00037e90       c2_d_sf_marshallIn         0000000180038e90 f   c2_APSA.obj
 0001:00037f30       c2_g_emlrt_marshallIn      0000000180038f30 f   c2_APSA.obj
 0001:00037fc0       sf_opaque_initialize_c2_APSA 0000000180038fc0 f   c2_APSA.obj
 0001:00038000       initialize_c2_APSA         0000000180039000 f   c2_APSA.obj
 0001:000381a0       sf_opaque_enable_c2_APSA   00000001800391a0 f   c2_APSA.obj
 0001:000381c0       enable_c2_APSA             00000001800391c0 f   c2_APSA.obj
 0001:000381f0       sf_opaque_disable_c2_APSA  00000001800391f0 f   c2_APSA.obj
 0001:00038210       disable_c2_APSA            0000000180039210 f   c2_APSA.obj
 0001:00038240       sf_opaque_gateway_c2_APSA  0000000180039240 f   c2_APSA.obj
 0001:00038260       sf_gateway_c2_APSA         0000000180039260 f   c2_APSA.obj
 0001:0003ae90       c2_set_sim_state_side_effects_c2_APSA 000000018003be90 f   c2_APSA.obj
 0001:0003aef0       c2__s32d_mod__             000000018003bef0 f   c2_APSA.obj
 0001:0003af30       sf_opaque_get_sim_state_c2_APSA 000000018003bf30 f   c2_APSA.obj
 0001:0003af80       get_sim_state_c2_APSA      000000018003bf80 f   c2_APSA.obj
 0001:0003b870       sf_opaque_set_sim_state_c2_APSA 000000018003c870 f   c2_APSA.obj
 0001:0003b8c0       set_sim_state_c2_APSA      000000018003c8c0 f   c2_APSA.obj
 0001:0003bcf0       c2_update_debugger_state_c2_APSA 000000018003ccf0 f   c2_APSA.obj
 0001:0003bf60       c2_b_emlrt_marshallIn      000000018003cf60 f   c2_APSA.obj
 0001:0003bfc0       c2_d_emlrt_marshallIn      000000018003cfc0 f   c2_APSA.obj
 0001:0003c030       c2_f_emlrt_marshallIn      000000018003d030 f   c2_APSA.obj
 0001:0003c0a0       c2_h_emlrt_marshallIn      000000018003d0a0 f   c2_APSA.obj
 0001:0003c120       c2_i_emlrt_marshallIn      000000018003d120 f   c2_APSA.obj
 0001:0003c180       sf_opaque_terminate_c2_APSA 000000018003d180 f   c2_APSA.obj
 0001:0003c220       finalize_c2_APSA           000000018003d220 f   c2_APSA.obj
 0001:0003c250       sf_opaque_init_subchart_simstructs 000000018003d250 f   c2_APSA.obj
 0001:0003c270       initSimStructsc2_APSA      000000018003d270 f   c2_APSA.obj
 0001:0003c280       mdlRTW_c2_APSA             000000018003d280 f   c2_APSA.obj
 0001:0003ce60       mdlProcessParameters_c4_APSA 000000018003de60 f   c4_APSA.obj
 0001:0003cf40       initialize_params_c4_APSA  000000018003df40 f   c4_APSA.obj
 0001:0003cf50       mdlSetWorkWidths_c4_APSA   000000018003df50 f   c4_APSA.obj
 0001:0003d4b0       sf_get_instance_specialization 000000018003e4b0 f   c4_APSA.obj
 0001:0003d4c0       mdlStart_c4_APSA           000000018003e4c0 f   c4_APSA.obj
 0001:0003d740       init_dsm_address_info      000000018003e740 f   c4_APSA.obj
 0001:0003d750       init_simulink_io_address   000000018003e750 f   c4_APSA.obj
 0001:0003d800       sf_get_sim_state_info_c4_APSA 000000018003e800 f   c4_APSA.obj
 0001:0003d8c0       chart_debug_initialization 000000018003e8c0 f   c4_APSA.obj
 0001:0003ef60       init_script_number_translation 000000018003ff60 f   c4_APSA.obj
 0001:0003ef80       c4_b_sf_marshallOut        000000018003ff80 f   c4_APSA.obj
 0001:0003f030       c4_b_sf_marshallIn         0000000180040030 f   c4_APSA.obj
 0001:0003f0d0       c4_c_emlrt_marshallIn      00000001800400d0 f   c4_APSA.obj
 0001:0003f160       c4_c_sf_marshallOut        0000000180040160 f   c4_APSA.obj
 0001:0003f2f0       c4_d_sf_marshallOut        00000001800402f0 f   c4_APSA.obj
 0001:0003f3a0       c4_c_sf_marshallIn         00000001800403a0 f   c4_APSA.obj
 0001:0003f440       c4_e_emlrt_marshallIn      0000000180040440 f   c4_APSA.obj
 0001:0003f4d0       sf_opaque_initialize_c4_APSA 00000001800404d0 f   c4_APSA.obj
 0001:0003f510       initialize_c4_APSA         0000000180040510 f   c4_APSA.obj
 0001:0003f600       sf_opaque_enable_c4_APSA   0000000180040600 f   c4_APSA.obj
 0001:0003f620       enable_c4_APSA             0000000180040620 f   c4_APSA.obj
 0001:0003f650       sf_opaque_disable_c4_APSA  0000000180040650 f   c4_APSA.obj
 0001:0003f670       disable_c4_APSA            0000000180040670 f   c4_APSA.obj
 0001:0003f6a0       sf_opaque_gateway_c4_APSA  00000001800406a0 f   c4_APSA.obj
 0001:0003f6c0       sf_gateway_c4_APSA         00000001800406c0 f   c4_APSA.obj
 0001:000418c0       c4_set_sim_state_side_effects_c4_APSA 00000001800428c0 f   c4_APSA.obj
 0001:00041920       c4__s32d_mod__             0000000180042920 f   c4_APSA.obj
 0001:00041960       sf_opaque_get_sim_state_c4_APSA 0000000180042960 f   c4_APSA.obj
 0001:000419b0       get_sim_state_c4_APSA      00000001800429b0 f   c4_APSA.obj
 0001:00041e60       sf_opaque_set_sim_state_c4_APSA 0000000180042e60 f   c4_APSA.obj
 0001:00041eb0       set_sim_state_c4_APSA      0000000180042eb0 f   c4_APSA.obj
 0001:000420d0       c4_update_debugger_state_c4_APSA 00000001800430d0 f   c4_APSA.obj
 0001:00042340       c4_b_emlrt_marshallIn      0000000180043340 f   c4_APSA.obj
 0001:000423a0       c4_d_emlrt_marshallIn      00000001800433a0 f   c4_APSA.obj
 0001:00042410       c4_f_emlrt_marshallIn      0000000180043410 f   c4_APSA.obj
 0001:00042490       c4_g_emlrt_marshallIn      0000000180043490 f   c4_APSA.obj
 0001:000424f0       sf_opaque_terminate_c4_APSA 00000001800434f0 f   c4_APSA.obj
 0001:00042590       finalize_c4_APSA           0000000180043590 f   c4_APSA.obj
 0001:000425c0       sf_opaque_init_subchart_simstructs 00000001800435c0 f   c4_APSA.obj
 0001:000425e0       initSimStructsc4_APSA      00000001800435e0 f   c4_APSA.obj
 0001:000425f0       mdlRTW_c4_APSA             00000001800435f0 f   c4_APSA.obj
 0001:00042f50       mdlProcessParameters_c5_APSA 0000000180043f50 f   c5_APSA.obj
 0001:00043030       initialize_params_c5_APSA  0000000180044030 f   c5_APSA.obj
 0001:00043040       mdlSetWorkWidths_c5_APSA   0000000180044040 f   c5_APSA.obj
 0001:00043510       sf_get_instance_specialization 0000000180044510 f   c5_APSA.obj
 0001:00043520       mdlStart_c5_APSA           0000000180044520 f   c5_APSA.obj
 0001:000437a0       init_dsm_address_info      00000001800447a0 f   c5_APSA.obj
 0001:000437b0       init_simulink_io_address   00000001800447b0 f   c5_APSA.obj
 0001:00043820       sf_get_sim_state_info_c5_APSA 0000000180044820 f   c5_APSA.obj
 0001:000438f0       chart_debug_initialization 00000001800448f0 f   c5_APSA.obj
 0001:00045270       init_script_number_translation 0000000180046270 f   c5_APSA.obj
 0001:00045290       c5_c_sf_marshallOut        0000000180046290 f   c5_APSA.obj
 0001:00045340       c5_c_sf_marshallIn         0000000180046340 f   c5_APSA.obj
 0001:000453e0       c5_e_emlrt_marshallIn      00000001800463e0 f   c5_APSA.obj
 0001:00045470       c5_d_sf_marshallOut        0000000180046470 f   c5_APSA.obj
 0001:000455e0       c5_d_sf_marshallIn         00000001800465e0 f   c5_APSA.obj
 0001:00045710       c5_g_emlrt_marshallIn      0000000180046710 f   c5_APSA.obj
 0001:00045810       sf_opaque_initialize_c5_APSA 0000000180046810 f   c5_APSA.obj
 0001:00045850       initialize_c5_APSA         0000000180046850 f   c5_APSA.obj
 0001:000459e0       sf_opaque_enable_c5_APSA   00000001800469e0 f   c5_APSA.obj
 0001:00045a00       enable_c5_APSA             0000000180046a00 f   c5_APSA.obj
 0001:00045a30       sf_opaque_disable_c5_APSA  0000000180046a30 f   c5_APSA.obj
 0001:00045a50       disable_c5_APSA            0000000180046a50 f   c5_APSA.obj
 0001:00045a80       sf_opaque_gateway_c5_APSA  0000000180046a80 f   c5_APSA.obj
 0001:00045aa0       sf_gateway_c5_APSA         0000000180046aa0 f   c5_APSA.obj
 0001:00048170       c5_set_sim_state_side_effects_c5_APSA 0000000180049170 f   c5_APSA.obj
 0001:000481d0       sf_opaque_get_sim_state_c5_APSA 00000001800491d0 f   c5_APSA.obj
 0001:00048220       get_sim_state_c5_APSA      0000000180049220 f   c5_APSA.obj
 0001:00048b20       sf_opaque_set_sim_state_c5_APSA 0000000180049b20 f   c5_APSA.obj
 0001:00048b70       set_sim_state_c5_APSA      0000000180049b70 f   c5_APSA.obj
 0001:00048fb0       c5_update_debugger_state_c5_APSA 0000000180049fb0 f   c5_APSA.obj
 0001:00049220       c5_b_emlrt_marshallIn      000000018004a220 f   c5_APSA.obj
 0001:00049280       c5_c_emlrt_marshallIn      000000018004a280 f   c5_APSA.obj
 0001:00049310       c5_d_emlrt_marshallIn      000000018004a310 f   c5_APSA.obj
 0001:00049380       c5_f_emlrt_marshallIn      000000018004a380 f   c5_APSA.obj
 0001:000493f0       c5_h_emlrt_marshallIn      000000018004a3f0 f   c5_APSA.obj
 0001:00049470       c5_i_emlrt_marshallIn      000000018004a470 f   c5_APSA.obj
 0001:000494d0       sf_opaque_terminate_c5_APSA 000000018004a4d0 f   c5_APSA.obj
 0001:00049570       finalize_c5_APSA           000000018004a570 f   c5_APSA.obj
 0001:000495a0       sf_opaque_init_subchart_simstructs 000000018004a5a0 f   c5_APSA.obj
 0001:000495c0       initSimStructsc5_APSA      000000018004a5c0 f   c5_APSA.obj
 0001:000495d0       mdlRTW_c5_APSA             000000018004a5d0 f   c5_APSA.obj
 0001:00049f30       mdlProcessParameters_c6_APSA 000000018004af30 f   c6_APSA.obj
 0001:0004a010       initialize_params_c6_APSA  000000018004b010 f   c6_APSA.obj
 0001:0004a020       mdlSetWorkWidths_c6_APSA   000000018004b020 f   c6_APSA.obj
 0001:0004a4f0       sf_get_instance_specialization 000000018004b4f0 f   c6_APSA.obj
 0001:0004a500       mdlStart_c6_APSA           000000018004b500 f   c6_APSA.obj
 0001:0004a780       init_dsm_address_info      000000018004b780 f   c6_APSA.obj
 0001:0004a790       init_simulink_io_address   000000018004b790 f   c6_APSA.obj
 0001:0004a800       sf_get_sim_state_info_c6_APSA 000000018004b800 f   c6_APSA.obj
 0001:0004a8d0       chart_debug_initialization 000000018004b8d0 f   c6_APSA.obj
 0001:0004c250       init_script_number_translation 000000018004d250 f   c6_APSA.obj
 0001:0004c270       c6_c_sf_marshallOut        000000018004d270 f   c6_APSA.obj
 0001:0004c320       c6_c_sf_marshallIn         000000018004d320 f   c6_APSA.obj
 0001:0004c3c0       c6_e_emlrt_marshallIn      000000018004d3c0 f   c6_APSA.obj
 0001:0004c450       c6_d_sf_marshallOut        000000018004d450 f   c6_APSA.obj
 0001:0004c5d0       c6_d_sf_marshallIn         000000018004d5d0 f   c6_APSA.obj
 0001:0004c6e0       c6_g_emlrt_marshallIn      000000018004d6e0 f   c6_APSA.obj
 0001:0004c7d0       sf_opaque_initialize_c6_APSA 000000018004d7d0 f   c6_APSA.obj
 0001:0004c810       initialize_c6_APSA         000000018004d810 f   c6_APSA.obj
 0001:0004c9a0       sf_opaque_enable_c6_APSA   000000018004d9a0 f   c6_APSA.obj
 0001:0004c9c0       enable_c6_APSA             000000018004d9c0 f   c6_APSA.obj
 0001:0004c9f0       sf_opaque_disable_c6_APSA  000000018004d9f0 f   c6_APSA.obj
 0001:0004ca10       disable_c6_APSA            000000018004da10 f   c6_APSA.obj
 0001:0004ca40       sf_opaque_gateway_c6_APSA  000000018004da40 f   c6_APSA.obj
 0001:0004ca60       sf_gateway_c6_APSA         000000018004da60 f   c6_APSA.obj
 0001:0004f130       c6_set_sim_state_side_effects_c6_APSA 0000000180050130 f   c6_APSA.obj
 0001:0004f190       sf_opaque_get_sim_state_c6_APSA 0000000180050190 f   c6_APSA.obj
 0001:0004f1e0       get_sim_state_c6_APSA      00000001800501e0 f   c6_APSA.obj
 0001:0004fae0       sf_opaque_set_sim_state_c6_APSA 0000000180050ae0 f   c6_APSA.obj
 0001:0004fb30       set_sim_state_c6_APSA      0000000180050b30 f   c6_APSA.obj
 0001:0004ff90       c6_update_debugger_state_c6_APSA 0000000180050f90 f   c6_APSA.obj
 0001:00050200       c6_b_emlrt_marshallIn      0000000180051200 f   c6_APSA.obj
 0001:00050260       c6_c_emlrt_marshallIn      0000000180051260 f   c6_APSA.obj
 0001:000502f0       c6_d_emlrt_marshallIn      00000001800512f0 f   c6_APSA.obj
 0001:00050360       c6_f_emlrt_marshallIn      0000000180051360 f   c6_APSA.obj
 0001:000503d0       c6_h_emlrt_marshallIn      00000001800513d0 f   c6_APSA.obj
 0001:00050450       c6_i_emlrt_marshallIn      0000000180051450 f   c6_APSA.obj
 0001:000504b0       sf_opaque_terminate_c6_APSA 00000001800514b0 f   c6_APSA.obj
 0001:00050550       finalize_c6_APSA           0000000180051550 f   c6_APSA.obj
 0001:00050580       sf_opaque_init_subchart_simstructs 0000000180051580 f   c6_APSA.obj
 0001:000505a0       initSimStructsc6_APSA      00000001800515a0 f   c6_APSA.obj
 0001:000505b0       mdlRTW_c6_APSA             00000001800515b0 f   c6_APSA.obj
 0001:00050f10       mdlProcessParameters_c7_APSA 0000000180051f10 f   c7_APSA.obj
 0001:00050ff0       initialize_params_c7_APSA  0000000180051ff0 f   c7_APSA.obj
 0001:00051000       mdlSetWorkWidths_c7_APSA   0000000180052000 f   c7_APSA.obj
 0001:000514d0       sf_get_instance_specialization 00000001800524d0 f   c7_APSA.obj
 0001:000514e0       mdlStart_c7_APSA           00000001800524e0 f   c7_APSA.obj
 0001:00051760       init_dsm_address_info      0000000180052760 f   c7_APSA.obj
 0001:00051770       init_simulink_io_address   0000000180052770 f   c7_APSA.obj
 0001:000517e0       sf_get_sim_state_info_c7_APSA 00000001800527e0 f   c7_APSA.obj
 0001:000518b0       chart_debug_initialization 00000001800528b0 f   c7_APSA.obj
 0001:000531d0       init_script_number_translation 00000001800541d0 f   c7_APSA.obj
 0001:000531f0       c7_c_sf_marshallOut        00000001800541f0 f   c7_APSA.obj
 0001:000532a0       c7_c_sf_marshallIn         00000001800542a0 f   c7_APSA.obj
 0001:00053340       c7_e_emlrt_marshallIn      0000000180054340 f   c7_APSA.obj
 0001:000533d0       c7_d_sf_marshallOut        00000001800543d0 f   c7_APSA.obj
 0001:00053550       c7_d_sf_marshallIn         0000000180054550 f   c7_APSA.obj
 0001:00053680       c7_g_emlrt_marshallIn      0000000180054680 f   c7_APSA.obj
 0001:00053780       sf_opaque_initialize_c7_APSA 0000000180054780 f   c7_APSA.obj
 0001:000537c0       initialize_c7_APSA         00000001800547c0 f   c7_APSA.obj
 0001:00053950       sf_opaque_enable_c7_APSA   0000000180054950 f   c7_APSA.obj
 0001:00053970       enable_c7_APSA             0000000180054970 f   c7_APSA.obj
 0001:000539a0       sf_opaque_disable_c7_APSA  00000001800549a0 f   c7_APSA.obj
 0001:000539c0       disable_c7_APSA            00000001800549c0 f   c7_APSA.obj
 0001:000539f0       sf_opaque_gateway_c7_APSA  00000001800549f0 f   c7_APSA.obj
 0001:00053a10       sf_gateway_c7_APSA         0000000180054a10 f   c7_APSA.obj
 0001:00055f60       c7_set_sim_state_side_effects_c7_APSA 0000000180056f60 f   c7_APSA.obj
 0001:00055fc0       sf_opaque_get_sim_state_c7_APSA 0000000180056fc0 f   c7_APSA.obj
 0001:00056010       get_sim_state_c7_APSA      0000000180057010 f   c7_APSA.obj
 0001:000568f0       sf_opaque_set_sim_state_c7_APSA 00000001800578f0 f   c7_APSA.obj
 0001:00056940       set_sim_state_c7_APSA      0000000180057940 f   c7_APSA.obj
 0001:00056d70       c7_update_debugger_state_c7_APSA 0000000180057d70 f   c7_APSA.obj
 0001:00056fe0       c7_b_emlrt_marshallIn      0000000180057fe0 f   c7_APSA.obj
 0001:00057040       c7_c_emlrt_marshallIn      0000000180058040 f   c7_APSA.obj
 0001:000570d0       c7_d_emlrt_marshallIn      00000001800580d0 f   c7_APSA.obj
 0001:00057140       c7_f_emlrt_marshallIn      0000000180058140 f   c7_APSA.obj
 0001:000571b0       c7_h_emlrt_marshallIn      00000001800581b0 f   c7_APSA.obj
 0001:00057230       c7_i_emlrt_marshallIn      0000000180058230 f   c7_APSA.obj
 0001:00057290       sf_opaque_terminate_c7_APSA 0000000180058290 f   c7_APSA.obj
 0001:00057330       finalize_c7_APSA           0000000180058330 f   c7_APSA.obj
 0001:00057360       sf_opaque_init_subchart_simstructs 0000000180058360 f   c7_APSA.obj
 0001:00057380       initSimStructsc7_APSA      0000000180058380 f   c7_APSA.obj
 0001:00057390       mdlRTW_c7_APSA             0000000180058390 f   c7_APSA.obj
 0001:00057cf0       mdlProcessParameters_c8_APSA 0000000180058cf0 f   c8_APSA.obj
 0001:00057dd0       initialize_params_c8_APSA  0000000180058dd0 f   c8_APSA.obj
 0001:00057de0       mdlSetWorkWidths_c8_APSA   0000000180058de0 f   c8_APSA.obj
 0001:000582b0       sf_get_instance_specialization 00000001800592b0 f   c8_APSA.obj
 0001:000582c0       mdlStart_c8_APSA           00000001800592c0 f   c8_APSA.obj
 0001:00058540       init_dsm_address_info      0000000180059540 f   c8_APSA.obj
 0001:00058550       init_simulink_io_address   0000000180059550 f   c8_APSA.obj
 0001:000585c0       sf_get_sim_state_info_c8_APSA 00000001800595c0 f   c8_APSA.obj
 0001:00058690       chart_debug_initialization 0000000180059690 f   c8_APSA.obj
 0001:00059fb0       init_script_number_translation 000000018005afb0 f   c8_APSA.obj
 0001:00059fd0       c8_c_sf_marshallOut        000000018005afd0 f   c8_APSA.obj
 0001:0005a080       c8_c_sf_marshallIn         000000018005b080 f   c8_APSA.obj
 0001:0005a120       c8_e_emlrt_marshallIn      000000018005b120 f   c8_APSA.obj
 0001:0005a1b0       c8_d_sf_marshallOut        000000018005b1b0 f   c8_APSA.obj
 0001:0005a340       c8_d_sf_marshallIn         000000018005b340 f   c8_APSA.obj
 0001:0005a460       c8_g_emlrt_marshallIn      000000018005b460 f   c8_APSA.obj
 0001:0005a550       sf_opaque_initialize_c8_APSA 000000018005b550 f   c8_APSA.obj
 0001:0005a590       initialize_c8_APSA         000000018005b590 f   c8_APSA.obj
 0001:0005a720       sf_opaque_enable_c8_APSA   000000018005b720 f   c8_APSA.obj
 0001:0005a740       enable_c8_APSA             000000018005b740 f   c8_APSA.obj
 0001:0005a770       sf_opaque_disable_c8_APSA  000000018005b770 f   c8_APSA.obj
 0001:0005a790       disable_c8_APSA            000000018005b790 f   c8_APSA.obj
 0001:0005a7c0       sf_opaque_gateway_c8_APSA  000000018005b7c0 f   c8_APSA.obj
 0001:0005a7e0       sf_gateway_c8_APSA         000000018005b7e0 f   c8_APSA.obj
 0001:0005cd20       c8_set_sim_state_side_effects_c8_APSA 000000018005dd20 f   c8_APSA.obj
 0001:0005cd80       sf_opaque_get_sim_state_c8_APSA 000000018005dd80 f   c8_APSA.obj
 0001:0005cdd0       get_sim_state_c8_APSA      000000018005ddd0 f   c8_APSA.obj
 0001:0005d6c0       sf_opaque_set_sim_state_c8_APSA 000000018005e6c0 f   c8_APSA.obj
 0001:0005d710       set_sim_state_c8_APSA      000000018005e710 f   c8_APSA.obj
 0001:0005db80       c8_update_debugger_state_c8_APSA 000000018005eb80 f   c8_APSA.obj
 0001:0005ddf0       c8_b_emlrt_marshallIn      000000018005edf0 f   c8_APSA.obj
 0001:0005de50       c8_c_emlrt_marshallIn      000000018005ee50 f   c8_APSA.obj
 0001:0005dee0       c8_d_emlrt_marshallIn      000000018005eee0 f   c8_APSA.obj
 0001:0005df50       c8_f_emlrt_marshallIn      000000018005ef50 f   c8_APSA.obj
 0001:0005dfc0       c8_h_emlrt_marshallIn      000000018005efc0 f   c8_APSA.obj
 0001:0005e040       c8_i_emlrt_marshallIn      000000018005f040 f   c8_APSA.obj
 0001:0005e0a0       sf_opaque_terminate_c8_APSA 000000018005f0a0 f   c8_APSA.obj
 0001:0005e140       finalize_c8_APSA           000000018005f140 f   c8_APSA.obj
 0001:0005e170       sf_opaque_init_subchart_simstructs 000000018005f170 f   c8_APSA.obj
 0001:0005e190       initSimStructsc8_APSA      000000018005f190 f   c8_APSA.obj
 0001:0005e1a0       mdlRTW_c8_APSA             000000018005f1a0 f   c8_APSA.obj
 0001:0005eb00       mdlProcessParameters_c9_APSA 000000018005fb00 f   c9_APSA.obj
 0001:0005ebe0       initialize_params_c9_APSA  000000018005fbe0 f   c9_APSA.obj
 0001:0005ebf0       mdlSetWorkWidths_c9_APSA   000000018005fbf0 f   c9_APSA.obj
 0001:0005f0c0       sf_get_instance_specialization 00000001800600c0 f   c9_APSA.obj
 0001:0005f0d0       mdlStart_c9_APSA           00000001800600d0 f   c9_APSA.obj
 0001:0005f350       init_dsm_address_info      0000000180060350 f   c9_APSA.obj
 0001:0005f360       init_simulink_io_address   0000000180060360 f   c9_APSA.obj
 0001:0005f3d0       sf_get_sim_state_info_c9_APSA 00000001800603d0 f   c9_APSA.obj
 0001:0005f4a0       chart_debug_initialization 00000001800604a0 f   c9_APSA.obj
 0001:000608f0       init_script_number_translation 00000001800618f0 f   c9_APSA.obj
 0001:00060910       c9_c_sf_marshallOut        0000000180061910 f   c9_APSA.obj
 0001:000609c0       c9_c_sf_marshallIn         00000001800619c0 f   c9_APSA.obj
 0001:00060a60       c9_e_emlrt_marshallIn      0000000180061a60 f   c9_APSA.obj
 0001:00060af0       c9_d_sf_marshallOut        0000000180061af0 f   c9_APSA.obj
 0001:00060c80       c9_d_sf_marshallIn         0000000180061c80 f   c9_APSA.obj
 0001:00060da0       c9_g_emlrt_marshallIn      0000000180061da0 f   c9_APSA.obj
 0001:00060e90       sf_opaque_initialize_c9_APSA 0000000180061e90 f   c9_APSA.obj
 0001:00060ed0       initialize_c9_APSA         0000000180061ed0 f   c9_APSA.obj
 0001:00061060       sf_opaque_enable_c9_APSA   0000000180062060 f   c9_APSA.obj
 0001:00061080       enable_c9_APSA             0000000180062080 f   c9_APSA.obj
 0001:000610b0       sf_opaque_disable_c9_APSA  00000001800620b0 f   c9_APSA.obj
 0001:000610d0       disable_c9_APSA            00000001800620d0 f   c9_APSA.obj
 0001:00061100       sf_opaque_gateway_c9_APSA  0000000180062100 f   c9_APSA.obj
 0001:00061120       sf_gateway_c9_APSA         0000000180062120 f   c9_APSA.obj
 0001:00061d70       c9_set_sim_state_side_effects_c9_APSA 0000000180062d70 f   c9_APSA.obj
 0001:00061dd0       sf_opaque_get_sim_state_c9_APSA 0000000180062dd0 f   c9_APSA.obj
 0001:00061e20       get_sim_state_c9_APSA      0000000180062e20 f   c9_APSA.obj
 0001:00062720       sf_opaque_set_sim_state_c9_APSA 0000000180063720 f   c9_APSA.obj
 0001:00062770       set_sim_state_c9_APSA      0000000180063770 f   c9_APSA.obj
 0001:00062ba0       c9_update_debugger_state_c9_APSA 0000000180063ba0 f   c9_APSA.obj
 0001:00062e10       c9_b_emlrt_marshallIn      0000000180063e10 f   c9_APSA.obj
 0001:00062e70       c9_c_emlrt_marshallIn      0000000180063e70 f   c9_APSA.obj
 0001:00062f00       c9_d_emlrt_marshallIn      0000000180063f00 f   c9_APSA.obj
 0001:00062f70       c9_f_emlrt_marshallIn      0000000180063f70 f   c9_APSA.obj
 0001:00062fe0       c9_h_emlrt_marshallIn      0000000180063fe0 f   c9_APSA.obj
 0001:00063060       c9_i_emlrt_marshallIn      0000000180064060 f   c9_APSA.obj
 0001:000630c0       sf_opaque_terminate_c9_APSA 00000001800640c0 f   c9_APSA.obj
 0001:00063160       finalize_c9_APSA           0000000180064160 f   c9_APSA.obj
 0001:00063190       sf_opaque_init_subchart_simstructs 0000000180064190 f   c9_APSA.obj
 0001:000631b0       initSimStructsc9_APSA      00000001800641b0 f   c9_APSA.obj
 0001:000631c0       mdlRTW_c9_APSA             00000001800641c0 f   c9_APSA.obj
 0001:00063f70       getChartInfoFromSimStruct  0000000180064f70 f   APSA_sfun_registry.obj
 0001:00065610       _ssFatalError              0000000180066610 f   APSA_sfun_registry.obj
 0001:000686c0       ProcessMexSfunctionCmdLineCall 00000001800696c0 f   APSA_sfun_registry.obj
 0001:00068860       sf_debug_api_wrapper       0000000180069860 f   APSA_sfun_registry.obj
 0001:000688b0       mdlStart                   00000001800698b0 f   APSA_sfun_registry.obj
 0001:000688e0       mdl_start_processing       00000001800698e0 f   APSA_sfun_registry.obj
 0001:000689a0       mdlTerminate               00000001800699a0 f   APSA_sfun_registry.obj
 0001:000689d0       mdl_terminate_processing   00000001800699d0 f   APSA_sfun_registry.obj
 0001:00068a50       mdlInitializeSampleTimes   0000000180069a50 f   APSA_sfun_registry.obj
 0001:00068a80       mdlZeroCrossings           0000000180069a80 f   APSA_sfun_registry.obj
 0001:00068ab0       mdl_zeroCrossings_processing 0000000180069ab0 f   APSA_sfun_registry.obj
 0001:00068af0       mdlDerivatives             0000000180069af0 f   APSA_sfun_registry.obj
 0001:00068b20       mdl_derivatives_processing 0000000180069b20 f   APSA_sfun_registry.obj
 0001:00068b70       mdlInitializeConditions    0000000180069b70 f   APSA_sfun_registry.obj
 0001:00068ba0       mdl_initialize_conditions_processing 0000000180069ba0 f   APSA_sfun_registry.obj
 0001:00068bf0       mdlEnable                  0000000180069bf0 f   APSA_sfun_registry.obj
 0001:00068c20       mdl_enable_processing      0000000180069c20 f   APSA_sfun_registry.obj
 0001:00068c60       mdlDisable                 0000000180069c60 f   APSA_sfun_registry.obj
 0001:00068c90       mdl_disable_processing     0000000180069c90 f   APSA_sfun_registry.obj
 0001:00068cd0       mdlOutputs                 0000000180069cd0 f   APSA_sfun_registry.obj
 0001:00068d00       mdl_outputs_processing     0000000180069d00 f   APSA_sfun_registry.obj
 0001:00068de0       mdl_outputs_continuous_legacy 0000000180069de0 f   APSA_sfun_registry.obj
 0001:00068ed0       mdlGetTimeOfNextVarHit     0000000180069ed0 f   APSA_sfun_registry.obj
 0001:00068f20       _ProcessMexSfunctionCmdLineCall 0000000180069f20 f   APSA_sfun_registry.obj
 0001:00069670       mdlSetWorkWidths           000000018006a670 f   APSA_sfun_registry.obj
 0001:000696a0       mdlProcessParameters       000000018006a6a0 f   APSA_sfun_registry.obj
 0001:000696d0       mdlInitializeSizes         000000018006a6d0 f   APSA_sfun_registry.obj
 0001:00069700       mdlExtModeExec             000000018006a700 f   APSA_sfun_registry.obj
 0001:00069730       mdl_ext_mode_exec_processing 000000018006a730 f   APSA_sfun_registry.obj
 0001:00069770       mdlRTW                     000000018006a770 f   APSA_sfun_registry.obj
 0001:000697b0       _CreateSimStruct           000000018006a7b0 f   APSA_sfun_registry.obj
 0001:00069940       _RegNumInputPortsCB        000000018006a940 f   APSA_sfun_registry.obj
 0001:000699c0       _RegNumOutputPortsCB       000000018006a9c0 f   APSA_sfun_registry.obj
 0001:00069f08       pre_c_init                 000000018006af08 f   MSVCRT:crtdll.obj
 0001:0006a1c4       __DllMainCRTStartup        000000018006b1c4 f   MSVCRT:crtdll.obj
 0001:0006a830       __DllMainCRTStartup$filt$0 000000018006b830 f   MSVCRT:crtdll.obj
 0001:0006a860       __DllMainCRTStartup$fin$1  000000018006b860 f   MSVCRT:crtdll.obj
 0001:0006a87a       _onexit$fin$0              000000018006b87a f   MSVCRT:atonexit.obj
 0001:0006a8a0       _IsNonwritableInCurrentImage$filt$0 000000018006b8a0 f   MSVCRT:pesect.obj
